4.4024 	INFO 	Loaded monitor calibration from ['2025_10_10 10:59']
4.4176 	WARNING 	User requested fullscreen with size [1024  768], but screen is actually [2560, 1440]. Using actual size
4.6799 	INFO 	Using renderer 'AMD Radeon(TM) 840M Graphics' for graphics
4.6799 	INFO 	OpenGL version supported by driver is 4..
4.7047 	EXP 	Created window1 = Window(allowGUI=False, allowStencil=False, autoLog=True, backendConf=UNKNOWN, backgroundFit=<method-wrapper '__getattribute__' of attributeSetter object at 0x0000020C20C19390>, backgroundImage=<method-wrapper '__getattribute__' of attributeSetter object at 0x0000020C20C18460>, bitsMode=UNKNOWN, blendMode='avg', bpc=(8, 8, 8), color=array([0, 0, 0]), colorSpace='rgb', depthBits=8, fullscr=True, gamma=None, gammaErrorPolicy='raise', infoMsg=UNKNOWN, lms=UNKNOWN, monitor=<psychopy.monitors.calibTools.Monitor object at 0x0000020C20200AF0>, multiSample=False, name='window1', numSamples=2, pos=[np.float64(0.0), np.float64(0.0)], screen=0, size=array([2560, 1440]), stencilBits=0, stereo=False, title='PsychoPy', units='height', useFBO=True, useRetina=False, viewOri=0.0, viewPos=None, viewScale=None, waitBlanking=True, winType='pyglet')
4.7047 	EXP 	window1: backgroundImage = ''
4.7047 	EXP 	window1: backgroundFit = 'none'
4.9210 	EXP 	window1: Attempting to measure frame rate of screen (0) ...
4.9210 	EXP 	window1: recordFrameIntervals = False
5.0310 	EXP 	window1: recordFrameIntervals = True
5.1736 	EXP 	Screen (0) actual frame rate measured at 128.85Hz
5.1736 	EXP 	window1: recordFrameIntervals = False
5.3770 	INFO 	keyboard.Keyboard is using ptb backend.
5.3770 	EXP 	faces_experiment: status = STARTED
5.4421 	EXP 	Created introduction_text = TextStim(__class__=<class 'psychopy.visual.text.TextStim'>, alignHoriz=method-wrapper(...), alignText='center', alignVert=method-wrapper(...), anchorHoriz='center', anchorVert='center', antialias=True, autoDraw=False, autoLog=True, bold=False, color=array([1., 1., 1.]), colorSpace='rgb', contrast=1.0, depth=0.0, draggable=False, flipHoriz=False, flipVert=False, font='Arial', fontFiles=[], height=np.float64(0.04), italic=False, languageStyle='LTR', name='introduction_text', opacity=1, ori=0.0, pos=array([0. , 0.1]), rgb=UNKNOWN, text=str(...), units='height', win=Window(...), wrapWidth=1)
5.4666 	EXP 	Created imageStim = ImageStim(__class__=<class 'psychopy.visual.image.ImageStim'>, anchor=('center', 'center'), autoLog=True, color=array([1., 1., 1.]), colorSpace='rgb', contrast=1.0, depth=0.0, draggable=False, flipHoriz=np.False_, flipVert=np.False_, image='default.png', interpolate=True, mask=None, maskParams=None, name='imageStim', opacity=1, ori=0.0, pos=array([0.  , 0.15]), size=array([0.5, 0.5]), texRes=128.0, units='height', win=Window(...))
0.0126 	EXP 	introduction_text: autoDraw = True
1.1817 	DATA 	Mouse: Left button down, pos=(1097,426)
1.2368 	DATA 	Mouse:  Left button up, pos=(1124,475)
1.3343 	DATA 	Mouse: Left button down, pos=(1574,417)
1.3823 	EXP 	Imported conditions_faces.xlsx as conditions, 72 conditions, 2 params
1.3828 	EXP 	New trial (rep=0, index=0): <Trial 0 (0 in rep 0) data={'image_file': 'faces/004_o_m_s_b.jpg', 'correct_emotion': 'sadness', 'thisN': 0, 'thisTrialN': 0, 'thisRepN': 0}>
1.5200 	DATA 	Mouse:  Left button up, pos=(1463,241)
1.5495 	EXP 	introduction_text: autoDraw = False
1.5495 	EXP 	imageStim: image = 'faces/004_o_m_s_b.jpg'
1.5495 	EXP 	imageStim: autoDraw = True
1.7922 	EXP 	imageStim: autoDraw = False
2.9319 	DATA 	Mouse: Left button down, pos=(1390,39)
3.0098 	DATA 	Mouse:  Left button up, pos=(1405,36)
8.2178 	DATA 	Mouse: Left button down, pos=(731,973)
8.3302 	DATA 	Mouse:  Left button up, pos=(730,972)
9.5804 	DATA 	Keypress: escape
9.5870 	EXP 	Device response: <KeyPress from None: t=9.579305200022645, value=escape, duration=None>
9.7353 	EXP 	Device response: <KeyPress from None: t=9.579305200022645, value=escape, duration=0.1539858999894932>
9.7353 	EXP 	faces_experiment: status = STOPPED
9.7426 	EXP 	faces_experiment: status = STOPPED
9.7456 	INFO 	saved data to 'C:\\Users\\cimpe\\OneDrive - Aarhus universitet\\Desktop\\Faces Experiment\\data\\347940_faces_experiment_2025-12-05_15h52.51.388.csv'
9.7465 	INFO 	saved data to C:\Users\cimpe\OneDrive - Aarhus universitet\Desktop\Faces Experiment\data\347940_faces_experiment_2025-12-05_15h52.51.388.psydat
10.0457 	WARNING 	Stopping key buffers but this could be dangerous ifother keyboards rely on the same.
