4.2944 	INFO 	Loaded monitor calibration from ['2025_10_10 10:59']
4.3101 	WARNING 	User requested fullscreen with size [1024  768], but screen is actually [2560, 1440]. Using actual size
4.5302 	INFO 	Using renderer 'AMD Radeon(TM) 840M Graphics' for graphics
4.5302 	INFO 	OpenGL version supported by driver is 4..
4.5542 	EXP 	Created window1 = Window(allowGUI=False, allowStencil=False, autoLog=True, backendConf=UNKNOWN, backgroundFit=<method-wrapper '__getattribute__' of attributeSetter object at 0x000002006DE1B100>, backgroundImage=<method-wrapper '__getattribute__' of attributeSetter object at 0x000002006DE1B160>, bitsMode=UNKNOWN, blendMode='avg', bpc=(8, 8, 8), color=array([0, 0, 0]), colorSpace='rgb', depthBits=8, fullscr=True, gamma=None, gammaErrorPolicy='raise', infoMsg=UNKNOWN, lms=UNKNOWN, monitor=<psychopy.monitors.calibTools.Monitor object at 0x000002006D3F2320>, multiSample=False, name='window1', numSamples=2, pos=[np.float64(0.0), np.float64(0.0)], screen=0, size=array([2560, 1440]), stencilBits=0, stereo=False, title='PsychoPy', units='height', useFBO=True, useRetina=False, viewOri=0.0, viewPos=None, viewScale=None, waitBlanking=True, winType='pyglet')
4.5543 	EXP 	window1: backgroundImage = ''
4.5543 	EXP 	window1: backgroundFit = 'none'
4.7620 	EXP 	window1: Attempting to measure frame rate of screen (0) ...
4.7620 	EXP 	window1: recordFrameIntervals = False
4.8785 	EXP 	window1: recordFrameIntervals = True
5.0279 	EXP 	Screen (0) actual frame rate measured at 134.22Hz
5.0280 	EXP 	window1: recordFrameIntervals = False
5.2261 	INFO 	keyboard.Keyboard is using ptb backend.
5.2261 	EXP 	faces_experiment: status = STARTED
5.2797 	EXP 	Created introduction_text = TextStim(__class__=<class 'psychopy.visual.text.TextStim'>, alignHoriz=method-wrapper(...), alignText='center', alignVert=method-wrapper(...), anchorHoriz='center', anchorVert='center', antialias=True, autoDraw=False, autoLog=True, bold=False, color=array([1., 1., 1.]), colorSpace='rgb', contrast=1.0, depth=0.0, draggable=False, flipHoriz=False, flipVert=False, font='Arial', fontFiles=[], height=np.float64(0.04), italic=False, languageStyle='LTR', name='introduction_text', opacity=1, ori=0.0, pos=array([0. , 0.1]), rgb=UNKNOWN, text=str(...), units='height', win=Window(...), wrapWidth=1)
5.3019 	EXP 	Created imageStim = ImageStim(__class__=<class 'psychopy.visual.image.ImageStim'>, anchor=('center', 'center'), autoLog=True, color=array([1., 1., 1.]), colorSpace='rgb', contrast=1.0, depth=0.0, draggable=False, flipHoriz=np.False_, flipVert=np.False_, image='default.png', interpolate=True, mask=None, maskParams=None, name='imageStim', opacity=1, ori=0.0, pos=array([0.  , 0.15]), size=array([0.5, 0.5]), texRes=128.0, units='height', win=Window(...))
0.0142 	EXP 	introduction_text: autoDraw = True
1.8212 	DATA 	Mouse: Right button down, pos=(1881,409)
1.8431 	DATA 	Mouse: Left button down, pos=(1881,409)
1.8920 	DATA 	Mouse:  Right button up, pos=(1881,409)
1.9681 	DATA 	Mouse:  Left button up, pos=(1881,409)
2.6274 	DATA 	Mouse: Left button down, pos=(2289,189)
2.7183 	DATA 	Mouse:  Left button up, pos=(2202,190)
2.8224 	DATA 	Mouse: Left button down, pos=(2034,171)
2.8587 	DATA 	Mouse:  Left button up, pos=(2019,167)
4.2806 	DATA 	Mouse: Left button down, pos=(770,437)
4.3566 	DATA 	Mouse:  Left button up, pos=(840,403)
4.5651 	DATA 	Mouse: Left button down, pos=(1030,320)
4.5728 	EXP 	Imported conditions_faces.xlsx as conditions, 72 conditions, 2 params
4.5733 	EXP 	New trial (rep=0, index=0): <Trial 0 (0 in rep 0) data={'image_file': 'faces/140_y_f_n_b.jpg', 'correct_emotion': 'neutrality', 'thisN': 0, 'thisTrialN': 0, 'thisRepN': 0}>
4.6669 	DATA 	Mouse:  Left button up, pos=(1044,318)
4.6898 	EXP 	introduction_text: autoDraw = False
4.6898 	EXP 	imageStim: image = 'faces/140_y_f_n_b.jpg'
4.6898 	EXP 	imageStim: autoDraw = True
4.7394 	DATA 	Mouse: Left button down, pos=(1047,311)
4.8092 	INFO 	saved data to C:\Users\cimpe\OneDrive - Aarhus universitet\Desktop\Faces Experiment\data\470117_faces_experiment_2025-12-05_15h56.22.280.psydat
4.8101 	INFO 	saved data to 'C:\\Users\\cimpe\\OneDrive - Aarhus universitet\\Desktop\\Faces Experiment\\data\\470117_faces_experiment_2025-12-05_15h56.22.280.csv'
4.8252 	WARNING 	Stopping key buffers but this could be dangerous ifother keyboards rely on the same.
