5.0193 	INFO 	Loaded monitor calibration from ['2025_10_10 10:59']
5.2518 	INFO 	Using renderer 'AMD Radeon(TM) 840M Graphics' for graphics
5.2518 	INFO 	OpenGL version supported by driver is 4..
5.2806 	EXP 	Created window1 = Window(allowGUI=True, allowStencil=False, autoLog=True, backendConf=UNKNOWN, backgroundFit=<method-wrapper '__getattribute__' of attributeSetter object at 0x0000023CC5A78790>, backgroundImage=<method-wrapper '__getattribute__' of attributeSetter object at 0x0000023CC5A78910>, bitsMode=UNKNOWN, blendMode='avg', bpc=(8, 8, 8), color=array([0, 0, 0]), colorSpace='rgb', depthBits=8, fullscr=False, gamma=None, gammaErrorPolicy='raise', infoMsg=UNKNOWN, lms=UNKNOWN, monitor=<psychopy.monitors.calibTools.Monitor object at 0x0000023CC5B40BE0>, multiSample=False, name='window1', numSamples=2, pos=[np.float64(0.0), np.float64(0.0)], screen=0, size=array([2560, 1440]), stencilBits=0, stereo=False, title='PsychoPy', units='height', useFBO=True, useRetina=False, viewOri=0.0, viewPos=None, viewScale=None, waitBlanking=True, winType='pyglet')
5.2807 	EXP 	window1: backgroundImage = ''
5.2807 	EXP 	window1: backgroundFit = 'none'
5.5146 	EXP 	window1: Attempting to measure frame rate of screen (0) ...
5.5146 	EXP 	window1: recordFrameIntervals = False
5.6474 	EXP 	window1: recordFrameIntervals = True
5.7790 	EXP 	Screen (0) actual frame rate measured at 133.18Hz
5.7790 	EXP 	window1: recordFrameIntervals = False
5.9787 	INFO 	keyboard.Keyboard is using ptb backend.
5.9787 	EXP 	faces_experiment: status = STARTED
6.0360 	EXP 	Created introduction_text = TextStim(__class__=<class 'psychopy.visual.text.TextStim'>, alignHoriz=method-wrapper(...), alignText='center', alignVert=method-wrapper(...), anchorHoriz='center', anchorVert='center', antialias=True, autoDraw=False, autoLog=True, bold=False, color=array([1., 1., 1.]), colorSpace='rgb', contrast=1.0, depth=0.0, draggable=False, flipHoriz=False, flipVert=False, font='Arial', fontFiles=[], height=np.float64(0.04), italic=False, languageStyle='LTR', name='introduction_text', opacity=1, ori=0.0, pos=array([0. , 0.1]), rgb=UNKNOWN, text=str(...), units='height', win=Window(...), wrapWidth=1)
6.0553 	EXP 	Created imageStim = ImageStim(__class__=<class 'psychopy.visual.image.ImageStim'>, anchor=('center', 'center'), autoLog=True, color=array([1., 1., 1.]), colorSpace='rgb', contrast=1.0, depth=0.0, draggable=False, flipHoriz=np.False_, flipVert=np.False_, image='default.png', interpolate=True, mask=None, maskParams=None, name='imageStim', opacity=1, ori=0.0, pos=array([0.  , 0.15]), size=array([0.5, 0.5]), texRes=128.0, units='height', win=Window(...))
0.0315 	EXP 	introduction_text: autoDraw = True
0.8783 	DATA 	Mouse: Left button down, pos=(1249,308)
0.8850 	EXP 	Imported conditions_faces.xlsx as conditions, 72 conditions, 2 params
0.8855 	EXP 	New trial (rep=0, index=0): <Trial 0 (0 in rep 0) data={'image_file': 'faces/079_o_f_s_b.jpg', 'correct_emotion': 'sadness', 'thisN': 0, 'thisTrialN': 0, 'thisRepN': 0}>
0.9802 	DATA 	Mouse:  Left button up, pos=(1249,308)
1.0083 	EXP 	introduction_text: autoDraw = False
1.0083 	EXP 	imageStim: image = 'faces/079_o_f_s_b.jpg'
1.0083 	EXP 	imageStim: autoDraw = True
1.2630 	EXP 	imageStim: autoDraw = False
2.5169 	DATA 	Mouse: Left button down, pos=(784,302)
2.5176 	EXP 	New trial (rep=0, index=1): <Trial 1 (1 in rep 0) data={'image_file': 'faces/168_m_f_h_b.jpg', 'correct_emotion': 'happiness', 'thisN': 1, 'thisTrialN': 1, 'thisRepN': 0}>
2.5925 	DATA 	Mouse:  Left button up, pos=(784,302)
2.6069 	EXP 	imageStim: autoDraw = False
2.6069 	EXP 	imageStim: image = 'faces/168_m_f_h_b.jpg'
2.6069 	EXP 	imageStim: autoDraw = True
2.6875 	DATA 	Mouse: Left button down, pos=(784,302)
2.6883 	EXP 	New trial (rep=0, index=2): <Trial 2 (2 in rep 0) data={'image_file': 'faces/168_m_f_s_a.jpg', 'correct_emotion': 'sadness', 'thisN': 2, 'thisTrialN': 2, 'thisRepN': 0}>
2.7631 	DATA 	Mouse:  Left button up, pos=(784,302)
2.7770 	EXP 	imageStim: autoDraw = False
2.7770 	EXP 	imageStim: image = 'faces/168_m_f_s_a.jpg'
2.7770 	EXP 	imageStim: autoDraw = True
2.9138 	DATA 	Mouse: Left button down, pos=(784,302)
2.9147 	EXP 	New trial (rep=0, index=3): <Trial 3 (3 in rep 0) data={'image_file': 'faces/116_m_m_s_a.jpg', 'correct_emotion': 'sadness', 'thisN': 3, 'thisTrialN': 3, 'thisRepN': 0}>
3.0139 	EXP 	imageStim: autoDraw = False
3.0139 	EXP 	imageStim: image = 'faces/116_m_m_s_a.jpg'
3.0139 	EXP 	imageStim: autoDraw = True
3.0150 	DATA 	Mouse:  Left button up, pos=(784,302)
3.0760 	DATA 	Mouse: Left button down, pos=(784,302)
3.0767 	EXP 	New trial (rep=0, index=4): <Trial 4 (4 in rep 0) data={'image_file': 'faces/066_y_m_s_a.jpg', 'correct_emotion': 'sadness', 'thisN': 4, 'thisTrialN': 4, 'thisRepN': 0}>
3.1521 	DATA 	Mouse:  Left button up, pos=(784,302)
3.1683 	EXP 	imageStim: autoDraw = False
3.1683 	EXP 	imageStim: image = 'faces/066_y_m_s_a.jpg'
3.1683 	EXP 	imageStim: autoDraw = True
3.3845 	DATA 	Mouse: Left button down, pos=(761,327)
3.3914 	EXP 	New trial (rep=0, index=5): <Trial 5 (5 in rep 0) data={'image_file': 'faces/168_m_f_a_b.jpg', 'correct_emotion': 'anger', 'thisN': 5, 'thisTrialN': 5, 'thisRepN': 0}>
3.4798 	EXP 	imageStim: autoDraw = False
3.4798 	EXP 	imageStim: image = 'faces/168_m_f_a_b.jpg'
3.4798 	EXP 	imageStim: autoDraw = True
3.4809 	DATA 	Mouse:  Left button up, pos=(761,327)
3.5764 	DATA 	Mouse: Left button down, pos=(761,327)
3.5820 	EXP 	New trial (rep=0, index=6): <Trial 6 (6 in rep 0) data={'image_file': 'faces/004_o_m_a_a.jpg', 'correct_emotion': 'anger', 'thisN': 6, 'thisTrialN': 6, 'thisRepN': 0}>
3.6583 	DATA 	Mouse:  Left button up, pos=(761,327)
3.6701 	EXP 	imageStim: autoDraw = False
3.6701 	EXP 	imageStim: image = 'faces/004_o_m_a_a.jpg'
3.6701 	EXP 	imageStim: autoDraw = True
3.7210 	DATA 	Mouse: Left button down, pos=(761,327)
3.7217 	EXP 	New trial (rep=0, index=7): <Trial 7 (7 in rep 0) data={'image_file': 'faces/004_o_m_d_a.jpg', 'correct_emotion': 'disgust', 'thisN': 7, 'thisTrialN': 7, 'thisRepN': 0}>
3.7951 	DATA 	Mouse:  Left button up, pos=(761,327)
3.8150 	EXP 	imageStim: autoDraw = False
3.8150 	EXP 	imageStim: image = 'faces/004_o_m_d_a.jpg'
3.8150 	EXP 	imageStim: autoDraw = True
3.8720 	DATA 	Mouse: Left button down, pos=(761,327)
3.8982 	EXP 	New trial (rep=0, index=8): <Trial 8 (8 in rep 0) data={'image_file': 'faces/168_m_f_a_a.jpg', 'correct_emotion': 'anger', 'thisN': 8, 'thisTrialN': 8, 'thisRepN': 0}>
3.9739 	DATA 	Mouse:  Left button up, pos=(761,327)
3.9954 	EXP 	imageStim: autoDraw = False
3.9954 	EXP 	imageStim: image = 'faces/168_m_f_a_a.jpg'
3.9954 	EXP 	imageStim: autoDraw = True
3.9959 	DATA 	Mouse: Left button down, pos=(761,327)
3.9967 	EXP 	New trial (rep=0, index=9): <Trial 9 (9 in rep 0) data={'image_file': 'faces/168_m_f_s_b.jpg', 'correct_emotion': 'sadness', 'thisN': 9, 'thisTrialN': 9, 'thisRepN': 0}>
4.0739 	DATA 	Mouse:  Left button up, pos=(761,327)
4.0991 	EXP 	imageStim: autoDraw = False
4.0991 	EXP 	imageStim: image = 'faces/168_m_f_s_b.jpg'
4.0991 	EXP 	imageStim: autoDraw = True
4.1435 	DATA 	Mouse: Left button down, pos=(761,327)
4.1442 	EXP 	New trial (rep=0, index=10): <Trial 10 (10 in rep 0) data={'image_file': 'faces/140_y_f_n_b.jpg', 'correct_emotion': 'neutrality', 'thisN': 10, 'thisTrialN': 10, 'thisRepN': 0}>
4.2423 	EXP 	imageStim: autoDraw = False
4.2423 	EXP 	imageStim: image = 'faces/140_y_f_n_b.jpg'
4.2423 	EXP 	imageStim: autoDraw = True
4.3207 	DATA 	Mouse:  Left button up, pos=(761,327)
4.3603 	DATA 	Mouse: Left button down, pos=(761,327)
4.3683 	EXP 	New trial (rep=0, index=11): <Trial 11 (11 in rep 0) data={'image_file': 'faces/140_y_f_s_a.jpg', 'correct_emotion': 'sadness', 'thisN': 11, 'thisTrialN': 11, 'thisRepN': 0}>
4.4640 	DATA 	Mouse:  Left button up, pos=(761,327)
4.4648 	DATA 	Mouse: Left button down, pos=(761,327)
4.4818 	EXP 	imageStim: autoDraw = False
4.4818 	EXP 	imageStim: image = 'faces/140_y_f_s_a.jpg'
4.4818 	EXP 	imageStim: autoDraw = True
4.5137 	DATA 	Mouse:  Left button up, pos=(761,327)
4.5843 	DATA 	Mouse: Left button down, pos=(761,327)
4.5971 	EXP 	New trial (rep=0, index=12): <Trial 12 (12 in rep 0) data={'image_file': 'faces/004_o_m_h_b.jpg', 'correct_emotion': 'happiness', 'thisN': 12, 'thisTrialN': 12, 'thisRepN': 0}>
4.6718 	DATA 	Mouse:  Left button up, pos=(761,327)
4.6897 	EXP 	imageStim: autoDraw = False
4.6897 	EXP 	imageStim: image = 'faces/004_o_m_h_b.jpg'
4.6897 	EXP 	imageStim: autoDraw = True
4.7039 	DATA 	Mouse: Left button down, pos=(761,327)
4.7140 	EXP 	New trial (rep=0, index=13): <Trial 13 (13 in rep 0) data={'image_file': 'faces/066_y_m_n_b.jpg', 'correct_emotion': 'neutrality', 'thisN': 13, 'thisTrialN': 13, 'thisRepN': 0}>
4.7890 	DATA 	Mouse:  Left button up, pos=(761,327)
4.8013 	EXP 	imageStim: autoDraw = False
4.8013 	EXP 	imageStim: image = 'faces/066_y_m_n_b.jpg'
4.8013 	EXP 	imageStim: autoDraw = True
4.8129 	DATA 	Mouse: Left button down, pos=(761,327)
4.8136 	EXP 	New trial (rep=0, index=14): <Trial 14 (14 in rep 0) data={'image_file': 'faces/066_y_m_n_a.jpg', 'correct_emotion': 'neutrality', 'thisN': 14, 'thisTrialN': 14, 'thisRepN': 0}>
4.8892 	DATA 	Mouse:  Left button up, pos=(761,327)
4.9057 	EXP 	imageStim: autoDraw = False
4.9057 	EXP 	imageStim: image = 'faces/066_y_m_n_a.jpg'
4.9057 	EXP 	imageStim: autoDraw = True
4.9385 	DATA 	Mouse: Left button down, pos=(761,327)
4.9393 	EXP 	New trial (rep=0, index=15): <Trial 15 (15 in rep 0) data={'image_file': 'faces/079_o_f_f_a.jpg', 'correct_emotion': 'fear', 'thisN': 15, 'thisTrialN': 15, 'thisRepN': 0}>
5.0189 	DATA 	Mouse:  Left button up, pos=(761,327)
5.0305 	EXP 	imageStim: autoDraw = False
5.0305 	EXP 	imageStim: image = 'faces/079_o_f_f_a.jpg'
5.0305 	EXP 	imageStim: autoDraw = True
5.0736 	DATA 	Mouse: Left button down, pos=(761,327)
5.0744 	EXP 	New trial (rep=0, index=16): <Trial 16 (16 in rep 0) data={'image_file': 'faces/168_m_f_n_b.jpg', 'correct_emotion': 'neutrality', 'thisN': 16, 'thisTrialN': 16, 'thisRepN': 0}>
5.1475 	DATA 	Mouse:  Left button up, pos=(761,327)
5.1683 	EXP 	imageStim: autoDraw = False
5.1683 	EXP 	imageStim: image = 'faces/168_m_f_n_b.jpg'
5.1683 	EXP 	imageStim: autoDraw = True
5.1848 	DATA 	Mouse: Left button down, pos=(761,327)
5.1855 	EXP 	New trial (rep=0, index=17): <Trial 17 (17 in rep 0) data={'image_file': 'faces/140_y_f_a_a.jpg', 'correct_emotion': 'anger', 'thisN': 17, 'thisTrialN': 17, 'thisRepN': 0}>
5.2648 	DATA 	Mouse:  Left button up, pos=(761,327)
5.2805 	EXP 	imageStim: autoDraw = False
5.2805 	EXP 	imageStim: image = 'faces/140_y_f_a_a.jpg'
5.2805 	EXP 	imageStim: autoDraw = True
5.3482 	DATA 	Mouse: Left button down, pos=(761,327)
5.3489 	EXP 	New trial (rep=0, index=18): <Trial 18 (18 in rep 0) data={'image_file': 'faces/066_y_m_d_a.jpg', 'correct_emotion': 'disgust', 'thisN': 18, 'thisTrialN': 18, 'thisRepN': 0}>
5.4257 	DATA 	Mouse:  Left button up, pos=(761,327)
5.4490 	EXP 	imageStim: autoDraw = False
5.4490 	EXP 	imageStim: image = 'faces/066_y_m_d_a.jpg'
5.4490 	EXP 	imageStim: autoDraw = True
5.4675 	DATA 	Mouse: Left button down, pos=(761,327)
5.4684 	EXP 	New trial (rep=0, index=19): <Trial 19 (19 in rep 0) data={'image_file': 'faces/140_y_f_s_b.jpg', 'correct_emotion': 'sadness', 'thisN': 19, 'thisTrialN': 19, 'thisRepN': 0}>
5.5471 	DATA 	Mouse:  Left button up, pos=(761,327)
5.5583 	EXP 	imageStim: autoDraw = False
5.5583 	EXP 	imageStim: image = 'faces/140_y_f_s_b.jpg'
5.5583 	EXP 	imageStim: autoDraw = True
5.6217 	DATA 	Mouse: Left button down, pos=(761,327)
5.6225 	EXP 	New trial (rep=0, index=20): <Trial 20 (20 in rep 0) data={'image_file': 'faces/079_o_f_h_a.jpg', 'correct_emotion': 'happiness', 'thisN': 20, 'thisTrialN': 20, 'thisRepN': 0}>
5.7033 	DATA 	Mouse:  Left button up, pos=(761,327)
5.7263 	EXP 	imageStim: autoDraw = False
5.7263 	EXP 	imageStim: image = 'faces/079_o_f_h_a.jpg'
5.7263 	EXP 	imageStim: autoDraw = True
5.7600 	DATA 	Mouse: Left button down, pos=(761,327)
5.7660 	EXP 	New trial (rep=0, index=21): <Trial 21 (21 in rep 0) data={'image_file': 'faces/116_m_m_h_b.jpg', 'correct_emotion': 'happiness', 'thisN': 21, 'thisTrialN': 21, 'thisRepN': 0}>
5.8406 	DATA 	Mouse:  Left button up, pos=(761,327)
5.8626 	EXP 	imageStim: autoDraw = False
5.8626 	EXP 	imageStim: image = 'faces/116_m_m_h_b.jpg'
5.8626 	EXP 	imageStim: autoDraw = True
5.9009 	DATA 	Mouse: Left button down, pos=(761,327)
5.9016 	EXP 	New trial (rep=0, index=22): <Trial 22 (22 in rep 0) data={'image_file': 'faces/116_m_m_d_a.jpg', 'correct_emotion': 'disgust', 'thisN': 22, 'thisTrialN': 22, 'thisRepN': 0}>
5.9745 	DATA 	Mouse:  Left button up, pos=(761,327)
5.9896 	EXP 	imageStim: autoDraw = False
5.9896 	EXP 	imageStim: image = 'faces/116_m_m_d_a.jpg'
5.9896 	EXP 	imageStim: autoDraw = True
6.0641 	DATA 	Mouse: Left button down, pos=(761,327)
6.0649 	EXP 	New trial (rep=0, index=23): <Trial 23 (23 in rep 0) data={'image_file': 'faces/140_y_f_h_a.jpg', 'correct_emotion': 'happiness', 'thisN': 23, 'thisTrialN': 23, 'thisRepN': 0}>
6.1603 	DATA 	Mouse:  Left button up, pos=(761,327)
6.1835 	EXP 	imageStim: autoDraw = False
6.1835 	EXP 	imageStim: image = 'faces/140_y_f_h_a.jpg'
6.1835 	EXP 	imageStim: autoDraw = True
6.2321 	DATA 	Mouse: Left button down, pos=(761,327)
6.2544 	EXP 	New trial (rep=0, index=24): <Trial 24 (24 in rep 0) data={'image_file': 'faces/168_m_f_f_a.jpg', 'correct_emotion': 'fear', 'thisN': 24, 'thisTrialN': 24, 'thisRepN': 0}>
6.3280 	DATA 	Mouse:  Left button up, pos=(761,327)
6.3512 	EXP 	imageStim: autoDraw = False
6.3512 	EXP 	imageStim: image = 'faces/168_m_f_f_a.jpg'
6.3512 	EXP 	imageStim: autoDraw = True
6.4160 	DATA 	Mouse: Left button down, pos=(761,327)
6.4217 	EXP 	New trial (rep=0, index=25): <Trial 25 (25 in rep 0) data={'image_file': 'faces/168_m_f_d_b.jpg', 'correct_emotion': 'disgust', 'thisN': 25, 'thisTrialN': 25, 'thisRepN': 0}>
6.4971 	DATA 	Mouse:  Left button up, pos=(761,327)
6.5144 	EXP 	imageStim: autoDraw = False
6.5144 	EXP 	imageStim: image = 'faces/168_m_f_d_b.jpg'
6.5144 	EXP 	imageStim: autoDraw = True
6.6048 	DATA 	Mouse: Left button down, pos=(761,327)
6.6055 	EXP 	New trial (rep=0, index=26): <Trial 26 (26 in rep 0) data={'image_file': 'faces/116_m_m_d_b.jpg', 'correct_emotion': 'disgust', 'thisN': 26, 'thisTrialN': 26, 'thisRepN': 0}>
6.6912 	EXP 	imageStim: autoDraw = False
6.6912 	EXP 	imageStim: image = 'faces/116_m_m_d_b.jpg'
6.6912 	EXP 	imageStim: autoDraw = True
6.6923 	DATA 	Mouse:  Left button up, pos=(761,327)
6.7882 	DATA 	Mouse: Left button down, pos=(761,327)
6.7890 	EXP 	New trial (rep=0, index=27): <Trial 27 (27 in rep 0) data={'image_file': 'faces/168_m_f_f_b.jpg', 'correct_emotion': 'fear', 'thisN': 27, 'thisTrialN': 27, 'thisRepN': 0}>
6.8783 	EXP 	imageStim: autoDraw = False
6.8783 	EXP 	imageStim: image = 'faces/168_m_f_f_b.jpg'
6.8783 	EXP 	imageStim: autoDraw = True
6.8795 	DATA 	Mouse:  Left button up, pos=(761,327)
6.9875 	DATA 	Mouse: Left button down, pos=(761,327)
6.9882 	EXP 	New trial (rep=0, index=28): <Trial 28 (28 in rep 0) data={'image_file': 'faces/079_o_f_f_b.jpg', 'correct_emotion': 'fear', 'thisN': 28, 'thisTrialN': 28, 'thisRepN': 0}>
7.0789 	EXP 	imageStim: autoDraw = False
7.0789 	EXP 	imageStim: image = 'faces/079_o_f_f_b.jpg'
7.0789 	EXP 	imageStim: autoDraw = True
7.0815 	DATA 	Mouse:  Left button up, pos=(761,327)
7.2001 	DATA 	Mouse: Left button down, pos=(761,327)
7.2213 	EXP 	New trial (rep=0, index=29): <Trial 29 (29 in rep 0) data={'image_file': 'faces/079_o_f_a_a.jpg', 'correct_emotion': 'anger', 'thisN': 29, 'thisTrialN': 29, 'thisRepN': 0}>
7.3047 	DATA 	Mouse:  Left button up, pos=(761,327)
7.3140 	EXP 	imageStim: autoDraw = False
7.3140 	EXP 	imageStim: image = 'faces/079_o_f_a_a.jpg'
7.3140 	EXP 	imageStim: autoDraw = True
7.4025 	DATA 	Mouse: Left button down, pos=(761,327)
7.4035 	EXP 	New trial (rep=0, index=30): <Trial 30 (30 in rep 0) data={'image_file': 'faces/079_o_f_a_b.jpg', 'correct_emotion': 'anger', 'thisN': 30, 'thisTrialN': 30, 'thisRepN': 0}>
7.4963 	EXP 	imageStim: autoDraw = False
7.4963 	EXP 	imageStim: image = 'faces/079_o_f_a_b.jpg'
7.4963 	EXP 	imageStim: autoDraw = True
7.5146 	DATA 	Mouse:  Left button up, pos=(761,327)
7.5762 	DATA 	Mouse: Left button down, pos=(761,327)
7.5966 	EXP 	New trial (rep=0, index=31): <Trial 31 (31 in rep 0) data={'image_file': 'faces/116_m_m_n_b.jpg', 'correct_emotion': 'neutrality', 'thisN': 31, 'thisTrialN': 31, 'thisRepN': 0}>
7.6723 	DATA 	Mouse:  Left button up, pos=(761,327)
7.6965 	EXP 	imageStim: autoDraw = False
7.6965 	EXP 	imageStim: image = 'faces/116_m_m_n_b.jpg'
7.6965 	EXP 	imageStim: autoDraw = True
7.7556 	DATA 	Mouse: Left button down, pos=(761,327)
7.7564 	EXP 	New trial (rep=0, index=32): <Trial 32 (32 in rep 0) data={'image_file': 'faces/116_m_m_n_a.jpg', 'correct_emotion': 'neutrality', 'thisN': 32, 'thisTrialN': 32, 'thisRepN': 0}>
7.8287 	DATA 	Mouse:  Left button up, pos=(761,327)
7.8457 	EXP 	imageStim: autoDraw = False
7.8457 	EXP 	imageStim: image = 'faces/116_m_m_n_a.jpg'
7.8457 	EXP 	imageStim: autoDraw = True
7.9043 	DATA 	Mouse: Left button down, pos=(761,327)
7.9253 	EXP 	New trial (rep=0, index=33): <Trial 33 (33 in rep 0) data={'image_file': 'faces/079_o_f_s_a.jpg', 'correct_emotion': 'sadness', 'thisN': 33, 'thisTrialN': 33, 'thisRepN': 0}>
8.0036 	DATA 	Mouse:  Left button up, pos=(761,327)
8.0240 	EXP 	imageStim: autoDraw = False
8.0240 	EXP 	imageStim: image = 'faces/079_o_f_s_a.jpg'
8.0240 	EXP 	imageStim: autoDraw = True
8.0533 	DATA 	Mouse: Left button down, pos=(761,327)
8.0540 	EXP 	New trial (rep=0, index=34): <Trial 34 (34 in rep 0) data={'image_file': 'faces/004_o_m_n_b.jpg', 'correct_emotion': 'neutrality', 'thisN': 34, 'thisTrialN': 34, 'thisRepN': 0}>
8.1411 	DATA 	Mouse:  Left button up, pos=(761,327)
8.1581 	EXP 	imageStim: autoDraw = False
8.1581 	EXP 	imageStim: image = 'faces/004_o_m_n_b.jpg'
8.1581 	EXP 	imageStim: autoDraw = True
8.1909 	DATA 	Mouse: Left button down, pos=(761,327)
8.1920 	EXP 	New trial (rep=0, index=35): <Trial 35 (35 in rep 0) data={'image_file': 'faces/079_o_f_h_b.jpg', 'correct_emotion': 'happiness', 'thisN': 35, 'thisTrialN': 35, 'thisRepN': 0}>
8.2726 	DATA 	Mouse:  Left button up, pos=(761,336)
8.2857 	EXP 	imageStim: autoDraw = False
8.2857 	EXP 	imageStim: image = 'faces/079_o_f_h_b.jpg'
8.2857 	EXP 	imageStim: autoDraw = True
8.3169 	DATA 	Mouse: Left button down, pos=(762,338)
8.3177 	EXP 	New trial (rep=0, index=36): <Trial 36 (36 in rep 0) data={'image_file': 'faces/066_y_m_a_b.jpg', 'correct_emotion': 'anger', 'thisN': 36, 'thisTrialN': 36, 'thisRepN': 0}>
8.3955 	DATA 	Mouse:  Left button up, pos=(762,338)
8.4234 	EXP 	imageStim: autoDraw = False
8.4234 	EXP 	imageStim: image = 'faces/066_y_m_a_b.jpg'
8.4234 	EXP 	imageStim: autoDraw = True
8.4417 	DATA 	Mouse: Left button down, pos=(762,338)
8.4424 	EXP 	New trial (rep=0, index=37): <Trial 37 (37 in rep 0) data={'image_file': 'faces/079_o_f_n_b.jpg', 'correct_emotion': 'neutrality', 'thisN': 37, 'thisTrialN': 37, 'thisRepN': 0}>
8.5202 	DATA 	Mouse:  Left button up, pos=(762,338)
8.5383 	EXP 	imageStim: autoDraw = False
8.5383 	EXP 	imageStim: image = 'faces/079_o_f_n_b.jpg'
8.5383 	EXP 	imageStim: autoDraw = True
8.5680 	DATA 	Mouse: Left button down, pos=(762,338)
8.5688 	EXP 	New trial (rep=0, index=38): <Trial 38 (38 in rep 0) data={'image_file': 'faces/140_y_f_d_a.jpg', 'correct_emotion': 'disgust', 'thisN': 38, 'thisTrialN': 38, 'thisRepN': 0}>
8.6490 	DATA 	Mouse:  Left button up, pos=(762,338)
8.6660 	EXP 	imageStim: autoDraw = False
8.6660 	EXP 	imageStim: image = 'faces/140_y_f_d_a.jpg'
8.6660 	EXP 	imageStim: autoDraw = True
8.7284 	DATA 	Mouse: Left button down, pos=(762,338)
8.7294 	EXP 	New trial (rep=0, index=39): <Trial 39 (39 in rep 0) data={'image_file': 'faces/116_m_m_h_a.jpg', 'correct_emotion': 'happiness', 'thisN': 39, 'thisTrialN': 39, 'thisRepN': 0}>
8.8050 	DATA 	Mouse:  Left button up, pos=(762,338)
8.8170 	EXP 	imageStim: autoDraw = False
8.8170 	EXP 	imageStim: image = 'faces/116_m_m_h_a.jpg'
8.8170 	EXP 	imageStim: autoDraw = True
8.8468 	DATA 	Mouse: Left button down, pos=(762,338)
8.8475 	EXP 	New trial (rep=0, index=40): <Trial 40 (40 in rep 0) data={'image_file': 'faces/066_y_m_d_b.jpg', 'correct_emotion': 'disgust', 'thisN': 40, 'thisTrialN': 40, 'thisRepN': 0}>
8.9224 	DATA 	Mouse:  Left button up, pos=(762,338)
8.9349 	EXP 	imageStim: autoDraw = False
8.9349 	EXP 	imageStim: image = 'faces/066_y_m_d_b.jpg'
8.9349 	EXP 	imageStim: autoDraw = True
8.9519 	DATA 	Mouse: Left button down, pos=(762,338)
8.9526 	EXP 	New trial (rep=0, index=41): <Trial 41 (41 in rep 0) data={'image_file': 'faces/140_y_f_n_a.jpg', 'correct_emotion': 'neutrality', 'thisN': 41, 'thisTrialN': 41, 'thisRepN': 0}>
9.0311 	DATA 	Mouse:  Left button up, pos=(762,338)
9.0502 	EXP 	imageStim: autoDraw = False
9.0502 	EXP 	imageStim: image = 'faces/140_y_f_n_a.jpg'
9.0502 	EXP 	imageStim: autoDraw = True
9.0813 	DATA 	Mouse: Left button down, pos=(762,339)
9.0820 	EXP 	New trial (rep=0, index=42): <Trial 42 (42 in rep 0) data={'image_file': 'faces/140_y_f_h_b.jpg', 'correct_emotion': 'happiness', 'thisN': 42, 'thisTrialN': 42, 'thisRepN': 0}>
9.1607 	DATA 	Mouse:  Left button up, pos=(762,339)
9.1722 	EXP 	imageStim: autoDraw = False
9.1722 	EXP 	imageStim: image = 'faces/140_y_f_h_b.jpg'
9.1722 	EXP 	imageStim: autoDraw = True
9.2150 	DATA 	Mouse: Left button down, pos=(765,339)
9.2156 	EXP 	New trial (rep=0, index=43): <Trial 43 (43 in rep 0) data={'image_file': 'faces/140_y_f_d_b.jpg', 'correct_emotion': 'disgust', 'thisN': 43, 'thisTrialN': 43, 'thisRepN': 0}>
9.2963 	DATA 	Mouse:  Left button up, pos=(765,339)
9.3204 	EXP 	imageStim: autoDraw = False
9.3204 	EXP 	imageStim: image = 'faces/140_y_f_d_b.jpg'
9.3204 	EXP 	imageStim: autoDraw = True
9.3527 	DATA 	Mouse: Left button down, pos=(765,339)
9.3534 	EXP 	New trial (rep=0, index=44): <Trial 44 (44 in rep 0) data={'image_file': 'faces/004_o_m_n_a.jpg', 'correct_emotion': 'neutrality', 'thisN': 44, 'thisTrialN': 44, 'thisRepN': 0}>
9.4259 	DATA 	Mouse:  Left button up, pos=(765,339)
9.4508 	EXP 	imageStim: autoDraw = False
9.4508 	EXP 	imageStim: image = 'faces/004_o_m_n_a.jpg'
9.4508 	EXP 	imageStim: autoDraw = True
9.5924 	DATA 	Mouse: Left button down, pos=(765,339)
9.5979 	EXP 	New trial (rep=0, index=45): <Trial 45 (45 in rep 0) data={'image_file': 'faces/168_m_f_n_a.jpg', 'correct_emotion': 'neutrality', 'thisN': 45, 'thisTrialN': 45, 'thisRepN': 0}>
9.6727 	DATA 	Mouse:  Left button up, pos=(765,339)
9.6894 	EXP 	imageStim: autoDraw = False
9.6894 	EXP 	imageStim: image = 'faces/168_m_f_n_a.jpg'
9.6894 	EXP 	imageStim: autoDraw = True
9.7539 	DATA 	Mouse: Left button down, pos=(765,339)
9.7546 	EXP 	New trial (rep=0, index=46): <Trial 46 (46 in rep 0) data={'image_file': 'faces/168_m_f_h_a.jpg', 'correct_emotion': 'happiness', 'thisN': 46, 'thisTrialN': 46, 'thisRepN': 0}>
9.8295 	DATA 	Mouse:  Left button up, pos=(766,344)
9.8444 	EXP 	imageStim: autoDraw = False
9.8444 	EXP 	imageStim: image = 'faces/168_m_f_h_a.jpg'
9.8444 	EXP 	imageStim: autoDraw = True
9.9466 	DATA 	Mouse: Left button down, pos=(766,344)
9.9474 	EXP 	New trial (rep=0, index=47): <Trial 47 (47 in rep 0) data={'image_file': 'faces/079_o_f_n_a.jpg', 'correct_emotion': 'neutrality', 'thisN': 47, 'thisTrialN': 47, 'thisRepN': 0}>
10.0262 	DATA 	Mouse:  Left button up, pos=(766,344)
10.0423 	EXP 	imageStim: autoDraw = False
10.0423 	EXP 	imageStim: image = 'faces/079_o_f_n_a.jpg'
10.0423 	EXP 	imageStim: autoDraw = True
10.0611 	DATA 	Mouse: Left button down, pos=(766,344)
10.0619 	EXP 	New trial (rep=0, index=48): <Trial 48 (48 in rep 0) data={'image_file': 'faces/004_o_m_s_b.jpg', 'correct_emotion': 'sadness', 'thisN': 48, 'thisTrialN': 48, 'thisRepN': 0}>
10.1383 	DATA 	Mouse:  Left button up, pos=(766,344)
10.1627 	EXP 	imageStim: autoDraw = False
10.1627 	EXP 	imageStim: image = 'faces/004_o_m_s_b.jpg'
10.1627 	EXP 	imageStim: autoDraw = True
10.2052 	DATA 	Mouse: Left button down, pos=(766,344)
10.2061 	EXP 	New trial (rep=0, index=49): <Trial 49 (49 in rep 0) data={'image_file': 'faces/066_y_m_a_a.jpg', 'correct_emotion': 'anger', 'thisN': 49, 'thisTrialN': 49, 'thisRepN': 0}>
10.2811 	DATA 	Mouse:  Left button up, pos=(766,344)
10.2996 	EXP 	imageStim: autoDraw = False
10.2996 	EXP 	imageStim: image = 'faces/066_y_m_a_a.jpg'
10.2996 	EXP 	imageStim: autoDraw = True
10.3521 	DATA 	Mouse: Left button down, pos=(766,344)
10.3626 	EXP 	New trial (rep=0, index=50): <Trial 50 (50 in rep 0) data={'image_file': 'faces/116_m_m_s_b.jpg', 'correct_emotion': 'sadness', 'thisN': 50, 'thisTrialN': 50, 'thisRepN': 0}>
10.4376 	DATA 	Mouse:  Left button up, pos=(766,344)
10.4673 	EXP 	imageStim: autoDraw = False
10.4673 	EXP 	imageStim: image = 'faces/116_m_m_s_b.jpg'
10.4673 	EXP 	imageStim: autoDraw = True
10.4879 	DATA 	Mouse: Left button down, pos=(766,344)
10.5067 	EXP 	New trial (rep=0, index=51): <Trial 51 (51 in rep 0) data={'image_file': 'faces/066_y_m_f_a.jpg', 'correct_emotion': 'fear', 'thisN': 51, 'thisTrialN': 51, 'thisRepN': 0}>
10.5802 	DATA 	Mouse:  Left button up, pos=(766,344)
10.6017 	EXP 	imageStim: autoDraw = False
10.6017 	EXP 	imageStim: image = 'faces/066_y_m_f_a.jpg'
10.6017 	EXP 	imageStim: autoDraw = True
10.6324 	DATA 	Mouse: Left button down, pos=(766,344)
10.6331 	EXP 	New trial (rep=0, index=52): <Trial 52 (52 in rep 0) data={'image_file': 'faces/066_y_m_s_b.jpg', 'correct_emotion': 'sadness', 'thisN': 52, 'thisTrialN': 52, 'thisRepN': 0}>
10.7047 	DATA 	Mouse:  Left button up, pos=(766,344)
10.7266 	EXP 	imageStim: autoDraw = False
10.7266 	EXP 	imageStim: image = 'faces/066_y_m_s_b.jpg'
10.7266 	EXP 	imageStim: autoDraw = True
10.7985 	DATA 	Mouse: Left button down, pos=(766,344)
10.7993 	EXP 	New trial (rep=0, index=53): <Trial 53 (53 in rep 0) data={'image_file': 'faces/079_o_f_d_a.jpg', 'correct_emotion': 'disgust', 'thisN': 53, 'thisTrialN': 53, 'thisRepN': 0}>
10.8755 	DATA 	Mouse:  Left button up, pos=(766,344)
10.8997 	EXP 	imageStim: autoDraw = False
10.8997 	EXP 	imageStim: image = 'faces/079_o_f_d_a.jpg'
10.8997 	EXP 	imageStim: autoDraw = True
10.9707 	DATA 	Mouse: Left button down, pos=(766,344)
10.9714 	EXP 	New trial (rep=0, index=54): <Trial 54 (54 in rep 0) data={'image_file': 'faces/004_o_m_d_b.jpg', 'correct_emotion': 'disgust', 'thisN': 54, 'thisTrialN': 54, 'thisRepN': 0}>
11.0470 	DATA 	Mouse:  Left button up, pos=(766,344)
11.0677 	EXP 	imageStim: autoDraw = False
11.0677 	EXP 	imageStim: image = 'faces/004_o_m_d_b.jpg'
11.0677 	EXP 	imageStim: autoDraw = True
11.1096 	DATA 	Mouse: Left button down, pos=(766,344)
11.1103 	EXP 	New trial (rep=0, index=55): <Trial 55 (55 in rep 0) data={'image_file': 'faces/004_o_m_s_a.jpg', 'correct_emotion': 'sadness', 'thisN': 55, 'thisTrialN': 55, 'thisRepN': 0}>
11.1855 	DATA 	Mouse:  Left button up, pos=(766,344)
11.1968 	EXP 	imageStim: autoDraw = False
11.1968 	EXP 	imageStim: image = 'faces/004_o_m_s_a.jpg'
11.1968 	EXP 	imageStim: autoDraw = True
11.2354 	DATA 	Mouse: Left button down, pos=(766,344)
11.2361 	EXP 	New trial (rep=0, index=56): <Trial 56 (56 in rep 0) data={'image_file': 'faces/066_y_m_h_b.jpg', 'correct_emotion': 'happiness', 'thisN': 56, 'thisTrialN': 56, 'thisRepN': 0}>
11.3079 	DATA 	Mouse:  Left button up, pos=(766,344)
11.3282 	EXP 	imageStim: autoDraw = False
11.3282 	EXP 	imageStim: image = 'faces/066_y_m_h_b.jpg'
11.3282 	EXP 	imageStim: autoDraw = True
11.3682 	DATA 	Mouse: Left button down, pos=(766,344)
11.3690 	EXP 	New trial (rep=0, index=57): <Trial 57 (57 in rep 0) data={'image_file': 'faces/116_m_m_a_b.jpg', 'correct_emotion': 'anger', 'thisN': 57, 'thisTrialN': 57, 'thisRepN': 0}>
11.4422 	DATA 	Mouse:  Left button up, pos=(766,344)
11.4630 	EXP 	imageStim: autoDraw = False
11.4630 	EXP 	imageStim: image = 'faces/116_m_m_a_b.jpg'
11.4630 	EXP 	imageStim: autoDraw = True
11.5286 	DATA 	Mouse: Left button down, pos=(766,344)
11.5387 	EXP 	New trial (rep=0, index=58): <Trial 58 (58 in rep 0) data={'image_file': 'faces/079_o_f_d_b.jpg', 'correct_emotion': 'disgust', 'thisN': 58, 'thisTrialN': 58, 'thisRepN': 0}>
11.6157 	DATA 	Mouse:  Left button up, pos=(766,344)
11.6347 	EXP 	imageStim: autoDraw = False
11.6347 	EXP 	imageStim: image = 'faces/079_o_f_d_b.jpg'
11.6347 	EXP 	imageStim: autoDraw = True
11.6564 	DATA 	Mouse: Left button down, pos=(766,344)
11.6645 	EXP 	New trial (rep=0, index=59): <Trial 59 (59 in rep 0) data={'image_file': 'faces/140_y_f_f_a.jpg', 'correct_emotion': 'fear', 'thisN': 59, 'thisTrialN': 59, 'thisRepN': 0}>
11.7427 	DATA 	Mouse:  Left button up, pos=(766,344)
11.7660 	EXP 	imageStim: autoDraw = False
11.7660 	EXP 	imageStim: image = 'faces/140_y_f_f_a.jpg'
11.7660 	EXP 	imageStim: autoDraw = True
11.8207 	DATA 	Mouse: Left button down, pos=(766,344)
11.8214 	EXP 	New trial (rep=0, index=60): <Trial 60 (60 in rep 0) data={'image_file': 'faces/004_o_m_a_b.jpg', 'correct_emotion': 'anger', 'thisN': 60, 'thisTrialN': 60, 'thisRepN': 0}>
11.8914 	DATA 	Mouse:  Left button up, pos=(766,344)
11.9155 	EXP 	imageStim: autoDraw = False
11.9155 	EXP 	imageStim: image = 'faces/004_o_m_a_b.jpg'
11.9155 	EXP 	imageStim: autoDraw = True
11.9859 	DATA 	Mouse: Left button down, pos=(766,344)
11.9872 	EXP 	New trial (rep=0, index=61): <Trial 61 (61 in rep 0) data={'image_file': 'faces/066_y_m_h_a.jpg', 'correct_emotion': 'happiness', 'thisN': 61, 'thisTrialN': 61, 'thisRepN': 0}>
12.0604 	DATA 	Mouse:  Left button up, pos=(766,344)
12.0776 	EXP 	imageStim: autoDraw = False
12.0776 	EXP 	imageStim: image = 'faces/066_y_m_h_a.jpg'
12.0776 	EXP 	imageStim: autoDraw = True
12.1574 	DATA 	Mouse: Left button down, pos=(766,344)
12.1581 	EXP 	New trial (rep=0, index=62): <Trial 62 (62 in rep 0) data={'image_file': 'faces/168_m_f_d_a.jpg', 'correct_emotion': 'disgust', 'thisN': 62, 'thisTrialN': 62, 'thisRepN': 0}>
12.2314 	DATA 	Mouse:  Left button up, pos=(766,344)
12.2467 	EXP 	imageStim: autoDraw = False
12.2467 	EXP 	imageStim: image = 'faces/168_m_f_d_a.jpg'
12.2467 	EXP 	imageStim: autoDraw = True
12.3208 	DATA 	Mouse: Left button down, pos=(766,344)
12.3214 	EXP 	New trial (rep=0, index=63): <Trial 63 (63 in rep 0) data={'image_file': 'faces/140_y_f_a_b.jpg', 'correct_emotion': 'anger', 'thisN': 63, 'thisTrialN': 63, 'thisRepN': 0}>
12.3959 	DATA 	Mouse:  Left button up, pos=(766,344)
12.4228 	EXP 	imageStim: autoDraw = False
12.4228 	EXP 	imageStim: image = 'faces/140_y_f_a_b.jpg'
12.4228 	EXP 	imageStim: autoDraw = True
12.4727 	DATA 	Mouse: Left button down, pos=(766,344)
12.4933 	EXP 	New trial (rep=0, index=64): <Trial 64 (64 in rep 0) data={'image_file': 'faces/116_m_m_a_a.jpg', 'correct_emotion': 'anger', 'thisN': 64, 'thisTrialN': 64, 'thisRepN': 0}>
12.5617 	DATA 	Mouse:  Left button up, pos=(766,344)
12.5808 	EXP 	imageStim: autoDraw = False
12.5808 	EXP 	imageStim: image = 'faces/116_m_m_a_a.jpg'
12.5808 	EXP 	imageStim: autoDraw = True
12.6403 	DATA 	Mouse: Left button down, pos=(766,344)
12.6647 	EXP 	New trial (rep=0, index=65): <Trial 65 (65 in rep 0) data={'image_file': 'faces/116_m_m_f_b.jpg', 'correct_emotion': 'fear', 'thisN': 65, 'thisTrialN': 65, 'thisRepN': 0}>
12.7346 	DATA 	Mouse:  Left button up, pos=(766,344)
12.7468 	EXP 	imageStim: autoDraw = False
12.7468 	EXP 	imageStim: image = 'faces/116_m_m_f_b.jpg'
12.7468 	EXP 	imageStim: autoDraw = True
12.8023 	DATA 	Mouse: Left button down, pos=(766,344)
12.8030 	EXP 	New trial (rep=0, index=66): <Trial 66 (66 in rep 0) data={'image_file': 'faces/116_m_m_f_a.jpg', 'correct_emotion': 'fear', 'thisN': 66, 'thisTrialN': 66, 'thisRepN': 0}>
12.8735 	DATA 	Mouse:  Left button up, pos=(766,344)
12.8986 	EXP 	imageStim: autoDraw = False
12.8986 	EXP 	imageStim: image = 'faces/116_m_m_f_a.jpg'
12.8986 	EXP 	imageStim: autoDraw = True
12.9772 	DATA 	Mouse: Left button down, pos=(766,344)
12.9779 	EXP 	New trial (rep=0, index=67): <Trial 67 (67 in rep 0) data={'image_file': 'faces/140_y_f_f_b.jpg', 'correct_emotion': 'fear', 'thisN': 67, 'thisTrialN': 67, 'thisRepN': 0}>
13.0552 	DATA 	Mouse:  Left button up, pos=(766,344)
13.0723 	EXP 	imageStim: autoDraw = False
13.0723 	EXP 	imageStim: image = 'faces/140_y_f_f_b.jpg'
13.0723 	EXP 	imageStim: autoDraw = True
13.1524 	DATA 	Mouse: Left button down, pos=(766,344)
13.1568 	EXP 	New trial (rep=0, index=68): <Trial 68 (68 in rep 0) data={'image_file': 'faces/004_o_m_f_b.jpg', 'correct_emotion': 'fear', 'thisN': 68, 'thisTrialN': 68, 'thisRepN': 0}>
13.2274 	DATA 	Mouse:  Left button up, pos=(766,344)
13.2381 	EXP 	imageStim: autoDraw = False
13.2381 	EXP 	imageStim: image = 'faces/004_o_m_f_b.jpg'
13.2381 	EXP 	imageStim: autoDraw = True
13.3130 	DATA 	Mouse: Left button down, pos=(766,344)
13.3137 	EXP 	New trial (rep=0, index=69): <Trial 69 (69 in rep 0) data={'image_file': 'faces/004_o_m_h_a.jpg', 'correct_emotion': 'happiness', 'thisN': 69, 'thisTrialN': 69, 'thisRepN': 0}>
13.3848 	DATA 	Mouse:  Left button up, pos=(766,344)
13.3956 	EXP 	imageStim: autoDraw = False
13.3956 	EXP 	imageStim: image = 'faces/004_o_m_h_a.jpg'
13.3956 	EXP 	imageStim: autoDraw = True
13.4791 	DATA 	Mouse: Left button down, pos=(766,344)
13.4799 	EXP 	New trial (rep=0, index=70): <Trial 70 (70 in rep 0) data={'image_file': 'faces/004_o_m_f_a.jpg', 'correct_emotion': 'fear', 'thisN': 70, 'thisTrialN': 70, 'thisRepN': 0}>
13.5521 	DATA 	Mouse:  Left button up, pos=(766,344)
13.5654 	EXP 	imageStim: autoDraw = False
13.5654 	EXP 	imageStim: image = 'faces/004_o_m_f_a.jpg'
13.5654 	EXP 	imageStim: autoDraw = True
13.6260 	DATA 	Mouse: Left button down, pos=(766,344)
13.6272 	EXP 	New trial (rep=0, index=71): <Trial 71 (71 in rep 0) data={'image_file': 'faces/066_y_m_f_b.jpg', 'correct_emotion': 'fear', 'thisN': 71, 'thisTrialN': 71, 'thisRepN': 0}>
13.6968 	DATA 	Mouse:  Left button up, pos=(766,344)
13.7095 	EXP 	imageStim: autoDraw = False
13.7095 	EXP 	imageStim: image = 'faces/066_y_m_f_b.jpg'
13.7095 	EXP 	imageStim: autoDraw = True
13.7700 	DATA 	Mouse: Left button down, pos=(766,344)
13.7904 	EXP 	imageStim: autoDraw = False
13.7905 	EXP 	faces_experiment: status = STOPPED
13.7992 	INFO 	saved data to 'C:\\Users\\cimpe\\OneDrive - Aarhus universitet\\Desktop\\Faces Experiment\\data\\856610_faces_experiment_2025-12-05_16h01.36.450.csv'
13.8012 	INFO 	saved data to C:\Users\cimpe\OneDrive - Aarhus universitet\Desktop\Faces Experiment\data\856610_faces_experiment_2025-12-05_16h01.36.450.psydat
14.0484 	WARNING 	Stopping key buffers but this could be dangerous ifother keyboards rely on the same.
