4.2597 	INFO 	Loaded monitor calibration from ['2025_10_10 10:59']
4.2793 	WARNING 	User requested fullscreen with size [1024  768], but screen is actually [2560, 1440]. Using actual size
4.5967 	INFO 	Using renderer 'AMD Radeon(TM) 840M Graphics' for graphics
4.5967 	INFO 	OpenGL version supported by driver is 4..
4.6220 	EXP 	Created window1 = Window(allowGUI=False, allowStencil=False, autoLog=True, backendConf=UNKNOWN, backgroundFit=<method-wrapper '__getattribute__' of attributeSetter object at 0x0000023684781390>, backgroundImage=<method-wrapper '__getattribute__' of attributeSetter object at 0x0000023684780460>, bitsMode=UNKNOWN, blendMode='avg', bpc=(8, 8, 8), color=array([0, 0, 0]), colorSpace='rgb', depthBits=8, fullscr=True, gamma=None, gammaErrorPolicy='raise', infoMsg=UNKNOWN, lms=UNKNOWN, monitor=<psychopy.monitors.calibTools.Monitor object at 0x0000023683D60AF0>, multiSample=False, name='window1', numSamples=2, pos=[np.float64(0.0), np.float64(0.0)], screen=0, size=array([2560, 1440]), stencilBits=0, stereo=False, title='PsychoPy', units='height', useFBO=True, useRetina=False, viewOri=0.0, viewPos=None, viewScale=None, waitBlanking=True, winType='pyglet')
4.6221 	EXP 	window1: backgroundImage = ''
4.6221 	EXP 	window1: backgroundFit = 'none'
4.8416 	EXP 	window1: Attempting to measure frame rate of screen (0) ...
4.8416 	EXP 	window1: recordFrameIntervals = False
4.9529 	EXP 	window1: recordFrameIntervals = True
5.1017 	EXP 	Screen (0) actual frame rate measured at 134.95Hz
5.1017 	EXP 	window1: recordFrameIntervals = False
5.3053 	INFO 	keyboard.Keyboard is using ptb backend.
5.3054 	EXP 	faces_experiment: status = STARTED
5.3843 	EXP 	Created introduction_text = TextStim(__class__=<class 'psychopy.visual.text.TextStim'>, alignHoriz=method-wrapper(...), alignText='center', alignVert=method-wrapper(...), anchorHoriz='center', anchorVert='center', antialias=True, autoDraw=False, autoLog=True, bold=False, color=array([1., 1., 1.]), colorSpace='rgb', contrast=1.0, depth=0.0, draggable=False, flipHoriz=False, flipVert=False, font='Arial', fontFiles=[], height=np.float64(0.04), italic=False, languageStyle='LTR', name='introduction_text', opacity=1, ori=0.0, pos=array([0. , 0.1]), rgb=UNKNOWN, text=str(...), units='height', win=Window(...), wrapWidth=1)
5.4092 	EXP 	Created imageStim = ImageStim(__class__=<class 'psychopy.visual.image.ImageStim'>, anchor=('center', 'center'), autoLog=True, color=array([1., 1., 1.]), colorSpace='rgb', contrast=1.0, depth=0.0, draggable=False, flipHoriz=np.False_, flipVert=np.False_, image='default.png', interpolate=True, mask=None, maskParams=None, name='imageStim', opacity=1, ori=0.0, pos=array([0.  , 0.15]), size=array([0.5, 0.5]), texRes=128.0, units='height', win=Window(...))
0.0121 	EXP 	introduction_text: autoDraw = True
1.4450 	DATA 	Mouse: Right button down, pos=(1547,357)
1.4667 	DATA 	Mouse:  Right button up, pos=(1547,357)
1.4931 	DATA 	Mouse: Right button down, pos=(1547,357)
1.5219 	DATA 	Mouse:  Right button up, pos=(1547,357)
2.9867 	DATA 	Mouse: Left button down, pos=(2006,8)
3.0922 	DATA 	Mouse:  Left button up, pos=(1910,136)
3.9672 	DATA 	Keypress: space
3.9743 	EXP 	Device response: <KeyPress from None: t=3.965468199981842, value=space, duration=None>
4.0853 	EXP 	Device response: <KeyPress from None: t=3.965468199981842, value=space, duration=0.11395980001543649>
4.9057 	DATA 	Mouse: Left button down, pos=(1322,1115)
5.0016 	DATA 	Mouse:  Left button up, pos=(1151,914)
5.1128 	DATA 	Mouse: Left button down, pos=(895,433)
5.1692 	DATA 	Mouse:  Left button up, pos=(872,410)
5.2731 	DATA 	Mouse: Left button down, pos=(863,410)
5.3420 	DATA 	Mouse:  Left button up, pos=(863,410)
5.8342 	DATA 	Mouse: Left button down, pos=(773,464)
5.9187 	DATA 	Mouse:  Left button up, pos=(771,465)
6.5362 	DATA 	Keypress: escape
6.5364 	EXP 	Device response: <KeyPress from None: t=6.533310999977402, value=escape, duration=None>
6.6683 	EXP 	Device response: <KeyPress from None: t=6.533310999977402, value=escape, duration=0.13428680002107285>
6.6684 	EXP 	faces_experiment: status = STOPPED
6.6748 	EXP 	introduction_text: autoDraw = False
6.6748 	EXP 	faces_experiment: status = STOPPED
6.6775 	INFO 	saved data to 'C:\\Users\\cimpe\\OneDrive - Aarhus universitet\\Desktop\\Faces Experiment\\data\\963496_faces_experiment_2025-12-05_15h52.33.950.csv'
6.6779 	INFO 	saved data to C:\Users\cimpe\OneDrive - Aarhus universitet\Desktop\Faces Experiment\data\963496_faces_experiment_2025-12-05_15h52.33.950.psydat
6.9180 	WARNING 	Stopping key buffers but this could be dangerous ifother keyboards rely on the same.
