4.8994 	INFO 	Loaded monitor calibration from ['2025_10_10 10:59']
4.9078 	WARNING 	User requested fullscreen with size [1024  768], but screen is actually [2560, 1440]. Using actual size
5.1523 	INFO 	Using renderer 'AMD Radeon(TM) 840M Graphics' for graphics
5.1523 	INFO 	OpenGL version supported by driver is 4..
5.1779 	EXP 	Created window1 = Window(allowGUI=False, allowStencil=False, autoLog=True, backendConf=UNKNOWN, backgroundFit=<method-wrapper '__getattribute__' of attributeSetter object at 0x00000175647E5390>, backgroundImage=<method-wrapper '__getattribute__' of attributeSetter object at 0x00000175647E4460>, bitsMode=UNKNOWN, blendMode='avg', bpc=(8, 8, 8), color=array([0, 0, 0]), colorSpace='rgb', depthBits=8, fullscr=True, gamma=None, gammaErrorPolicy='raise', infoMsg=UNKNOWN, lms=UNKNOWN, monitor=<psychopy.monitors.calibTools.Monitor object at 0x0000017563DD0AF0>, multiSample=False, name='window1', numSamples=2, pos=[np.float64(0.0), np.float64(0.0)], screen=0, size=array([2560, 1440]), stencilBits=0, stereo=False, title='PsychoPy', units='height', useFBO=True, useRetina=False, viewOri=0.0, viewPos=None, viewScale=None, waitBlanking=True, winType='pyglet')
5.1779 	EXP 	window1: backgroundImage = ''
5.1779 	EXP 	window1: backgroundFit = 'none'
5.3884 	EXP 	window1: Attempting to measure frame rate of screen (0) ...
5.3884 	EXP 	window1: recordFrameIntervals = False
5.5036 	EXP 	window1: recordFrameIntervals = True
5.6524 	EXP 	Screen (0) actual frame rate measured at 135.60Hz
5.6524 	EXP 	window1: recordFrameIntervals = False
5.8505 	INFO 	keyboard.Keyboard is using ptb backend.
5.8505 	EXP 	faces_experiment: status = STARTED
5.9146 	EXP 	Created introduction_text = TextStim(__class__=<class 'psychopy.visual.text.TextStim'>, alignHoriz=method-wrapper(...), alignText='center', alignVert=method-wrapper(...), anchorHoriz='center', anchorVert='center', antialias=True, autoDraw=False, autoLog=True, bold=False, color=array([1., 1., 1.]), colorSpace='rgb', contrast=1.0, depth=0.0, draggable=False, flipHoriz=False, flipVert=False, font='Arial', fontFiles=[], height=np.float64(0.04), italic=False, languageStyle='LTR', name='introduction_text', opacity=1, ori=0.0, pos=array([0. , 0.1]), rgb=UNKNOWN, text=str(...), units='height', win=Window(...), wrapWidth=1)
5.9357 	EXP 	Created imageStim = ImageStim(__class__=<class 'psychopy.visual.image.ImageStim'>, anchor=('center', 'center'), autoLog=True, color=array([1., 1., 1.]), colorSpace='rgb', contrast=1.0, depth=0.0, draggable=False, flipHoriz=np.False_, flipVert=np.False_, image='default.png', interpolate=True, mask=None, maskParams=None, name='imageStim', opacity=1, ori=0.0, pos=array([0.  , 0.15]), size=array([0.5, 0.5]), texRes=128.0, units='height', win=Window(...))
0.0110 	EXP 	introduction_text: autoDraw = True
1.5848 	DATA 	Mouse: Left button down, pos=(1191,585)
1.6959 	DATA 	Mouse:  Left button up, pos=(1191,585)
1.9300 	DATA 	Mouse: Left button down, pos=(1194,157)
2.0347 	DATA 	Mouse:  Left button up, pos=(1194,157)
2.4373 	DATA 	Keypress: return
2.4403 	EXP 	Device response: <KeyPress from None: t=2.4320933999842964, value=return, duration=None>
2.5209 	EXP 	Device response: <KeyPress from None: t=2.4320933999842964, value=return, duration=0.08384179999120533>
2.5626 	DATA 	Keypress: return
2.5684 	EXP 	Device response: <KeyPress from None: t=2.5621222999761812, value=return, duration=None>
2.6596 	EXP 	Device response: <KeyPress from None: t=2.5621222999761812, value=return, duration=0.09150740000768565>
5.3078 	DATA 	Mouse: Left button down, pos=(1590,428)
5.3768 	DATA 	Mouse:  Left button up, pos=(1578,420)
5.4555 	DATA 	Mouse: Left button down, pos=(1612,355)
5.5371 	DATA 	Mouse:  Left button up, pos=(1731,303)
5.6005 	DATA 	Mouse: Left button down, pos=(1826,276)
5.6965 	DATA 	Mouse:  Left button up, pos=(1927,237)
5.7450 	DATA 	Mouse: Left button down, pos=(2001,207)
5.8573 	DATA 	Mouse:  Left button up, pos=(2063,181)
6.0084 	DATA 	Mouse: Left button down, pos=(1306,222)
6.0155 	EXP 	Imported conditions_faces.xlsx as conditions, 72 conditions, 2 params
6.0160 	EXP 	New trial (rep=0, index=0): <Trial 0 (0 in rep 0) data={'image_file': 'faces/066_y_m_d_b.jpg', 'correct_emotion': 'disgust', 'thisN': 0, 'thisTrialN': 0, 'thisRepN': 0}>
6.1259 	DATA 	Mouse:  Left button up, pos=(1200,247)
6.1577 	EXP 	introduction_text: autoDraw = False
6.1577 	EXP 	imageStim: image = 'faces/066_y_m_d_b.jpg'
6.1577 	EXP 	imageStim: autoDraw = True
6.1772 	DATA 	Mouse: Left button down, pos=(1098,273)
6.1871 	EXP 	New trial (rep=0, index=1): <Trial 1 (1 in rep 0) data={'image_file': 'faces/066_y_m_s_b.jpg', 'correct_emotion': 'sadness', 'thisN': 1, 'thisTrialN': 1, 'thisRepN': 0}>
6.2993 	DATA 	Mouse:  Left button up, pos=(1067,282)
6.3120 	EXP 	imageStim: autoDraw = False
6.3120 	EXP 	imageStim: image = 'faces/066_y_m_s_b.jpg'
6.3120 	EXP 	imageStim: autoDraw = True
6.5520 	EXP 	imageStim: autoDraw = False
6.7916 	DATA 	Mouse: Left button down, pos=(1095,302)
6.7980 	EXP 	New trial (rep=0, index=2): <Trial 2 (2 in rep 0) data={'image_file': 'faces/004_o_m_n_b.jpg', 'correct_emotion': 'neutrality', 'thisN': 2, 'thisTrialN': 2, 'thisRepN': 0}>
6.8919 	DATA 	Mouse:  Left button up, pos=(1095,302)
6.9033 	EXP 	imageStim: autoDraw = False
6.9033 	EXP 	imageStim: image = 'faces/004_o_m_n_b.jpg'
6.9033 	EXP 	imageStim: autoDraw = True
6.9606 	DATA 	Mouse: Left button down, pos=(1095,302)
6.9612 	EXP 	New trial (rep=0, index=3): <Trial 3 (3 in rep 0) data={'image_file': 'faces/140_y_f_n_a.jpg', 'correct_emotion': 'neutrality', 'thisN': 3, 'thisTrialN': 3, 'thisRepN': 0}>
7.0503 	DATA 	Mouse:  Left button up, pos=(1095,302)
7.0622 	EXP 	imageStim: autoDraw = False
7.0622 	EXP 	imageStim: image = 'faces/140_y_f_n_a.jpg'
7.0622 	EXP 	imageStim: autoDraw = True
7.1055 	DATA 	Mouse: Left button down, pos=(1095,302)
7.1063 	EXP 	New trial (rep=0, index=4): <Trial 4 (4 in rep 0) data={'image_file': 'faces/004_o_m_d_b.jpg', 'correct_emotion': 'disgust', 'thisN': 4, 'thisTrialN': 4, 'thisRepN': 0}>
7.1830 	DATA 	Mouse:  Left button up, pos=(1095,302)
7.1953 	EXP 	imageStim: autoDraw = False
7.1953 	EXP 	imageStim: image = 'faces/004_o_m_d_b.jpg'
7.1953 	EXP 	imageStim: autoDraw = True
7.2607 	DATA 	Mouse: Left button down, pos=(1095,302)
7.2615 	EXP 	New trial (rep=0, index=5): <Trial 5 (5 in rep 0) data={'image_file': 'faces/066_y_m_f_b.jpg', 'correct_emotion': 'fear', 'thisN': 5, 'thisTrialN': 5, 'thisRepN': 0}>
7.3524 	DATA 	Mouse:  Left button up, pos=(1095,302)
7.3636 	EXP 	imageStim: autoDraw = False
7.3636 	EXP 	imageStim: image = 'faces/066_y_m_f_b.jpg'
7.3636 	EXP 	imageStim: autoDraw = True
7.4086 	DATA 	Mouse: Left button down, pos=(1095,302)
7.4097 	EXP 	New trial (rep=0, index=6): <Trial 6 (6 in rep 0) data={'image_file': 'faces/004_o_m_s_a.jpg', 'correct_emotion': 'sadness', 'thisN': 6, 'thisTrialN': 6, 'thisRepN': 0}>
7.5567 	DATA 	Mouse:  Left button up, pos=(1095,302)
7.5607 	DATA 	Mouse: Left button down, pos=(1095,302)
7.5681 	EXP 	imageStim: autoDraw = False
7.5681 	EXP 	imageStim: image = 'faces/004_o_m_s_a.jpg'
7.5681 	EXP 	imageStim: autoDraw = True
7.5691 	EXP 	New trial (rep=0, index=7): <Trial 7 (7 in rep 0) data={'image_file': 'faces/168_m_f_d_a.jpg', 'correct_emotion': 'disgust', 'thisN': 7, 'thisTrialN': 7, 'thisRepN': 0}>
7.6552 	DATA 	Mouse:  Left button up, pos=(1095,302)
7.6672 	EXP 	imageStim: autoDraw = False
7.6672 	EXP 	imageStim: image = 'faces/168_m_f_d_a.jpg'
7.6672 	EXP 	imageStim: autoDraw = True
7.7219 	DATA 	Mouse: Left button down, pos=(1095,302)
7.7226 	EXP 	New trial (rep=0, index=8): <Trial 8 (8 in rep 0) data={'image_file': 'faces/140_y_f_d_b.jpg', 'correct_emotion': 'disgust', 'thisN': 8, 'thisTrialN': 8, 'thisRepN': 0}>
7.8607 	DATA 	Mouse:  Left button up, pos=(1095,302)
7.8718 	EXP 	imageStim: autoDraw = False
7.8718 	EXP 	imageStim: image = 'faces/140_y_f_d_b.jpg'
7.8718 	EXP 	imageStim: autoDraw = True
7.8725 	DATA 	Mouse: Left button down, pos=(1095,302)
7.8733 	EXP 	New trial (rep=0, index=9): <Trial 9 (9 in rep 0) data={'image_file': 'faces/066_y_m_h_a.jpg', 'correct_emotion': 'happiness', 'thisN': 9, 'thisTrialN': 9, 'thisRepN': 0}>
7.9556 	DATA 	Mouse:  Left button up, pos=(1095,302)
7.9666 	EXP 	imageStim: autoDraw = False
7.9666 	EXP 	imageStim: image = 'faces/066_y_m_h_a.jpg'
7.9666 	EXP 	imageStim: autoDraw = True
8.0154 	DATA 	Mouse: Left button down, pos=(1095,302)
8.0214 	EXP 	New trial (rep=0, index=10): <Trial 10 (10 in rep 0) data={'image_file': 'faces/140_y_f_n_b.jpg', 'correct_emotion': 'neutrality', 'thisN': 10, 'thisTrialN': 10, 'thisRepN': 0}>
8.1066 	DATA 	Mouse:  Left button up, pos=(1095,302)
8.1173 	EXP 	imageStim: autoDraw = False
8.1173 	EXP 	imageStim: image = 'faces/140_y_f_n_b.jpg'
8.1173 	EXP 	imageStim: autoDraw = True
8.1997 	DATA 	Mouse: Left button down, pos=(1095,302)
8.2073 	EXP 	New trial (rep=0, index=11): <Trial 11 (11 in rep 0) data={'image_file': 'faces/116_m_m_s_b.jpg', 'correct_emotion': 'sadness', 'thisN': 11, 'thisTrialN': 11, 'thisRepN': 0}>
8.2846 	DATA 	Mouse:  Left button up, pos=(1095,302)
8.2964 	EXP 	imageStim: autoDraw = False
8.2964 	EXP 	imageStim: image = 'faces/116_m_m_s_b.jpg'
8.2964 	EXP 	imageStim: autoDraw = True
8.3045 	DATA 	Mouse: Left button down, pos=(1095,302)
8.3053 	EXP 	New trial (rep=0, index=12): <Trial 12 (12 in rep 0) data={'image_file': 'faces/079_o_f_s_b.jpg', 'correct_emotion': 'sadness', 'thisN': 12, 'thisTrialN': 12, 'thisRepN': 0}>
8.3922 	DATA 	Mouse:  Left button up, pos=(1095,302)
8.3988 	EXP 	imageStim: autoDraw = False
8.3988 	EXP 	imageStim: image = 'faces/079_o_f_s_b.jpg'
8.3988 	EXP 	imageStim: autoDraw = True
8.4395 	DATA 	Mouse: Left button down, pos=(1095,302)
8.4442 	EXP 	New trial (rep=0, index=13): <Trial 13 (13 in rep 0) data={'image_file': 'faces/116_m_m_n_a.jpg', 'correct_emotion': 'neutrality', 'thisN': 13, 'thisTrialN': 13, 'thisRepN': 0}>
8.5216 	DATA 	Mouse:  Left button up, pos=(1095,302)
8.5352 	EXP 	imageStim: autoDraw = False
8.5352 	EXP 	imageStim: image = 'faces/116_m_m_n_a.jpg'
8.5352 	EXP 	imageStim: autoDraw = True
8.5919 	DATA 	Mouse: Left button down, pos=(1095,302)
8.5926 	EXP 	New trial (rep=0, index=14): <Trial 14 (14 in rep 0) data={'image_file': 'faces/066_y_m_n_a.jpg', 'correct_emotion': 'neutrality', 'thisN': 14, 'thisTrialN': 14, 'thisRepN': 0}>
8.6826 	EXP 	imageStim: autoDraw = False
8.6826 	EXP 	imageStim: image = 'faces/066_y_m_n_a.jpg'
8.6826 	EXP 	imageStim: autoDraw = True
8.6834 	DATA 	Mouse:  Left button up, pos=(1095,302)
8.7436 	DATA 	Mouse: Left button down, pos=(1095,302)
8.7515 	EXP 	New trial (rep=0, index=15): <Trial 15 (15 in rep 0) data={'image_file': 'faces/140_y_f_h_b.jpg', 'correct_emotion': 'happiness', 'thisN': 15, 'thisTrialN': 15, 'thisRepN': 0}>
8.8318 	DATA 	Mouse:  Left button up, pos=(1095,302)
8.8436 	EXP 	imageStim: autoDraw = False
8.8436 	EXP 	imageStim: image = 'faces/140_y_f_h_b.jpg'
8.8436 	EXP 	imageStim: autoDraw = True
8.9036 	DATA 	Mouse: Left button down, pos=(1095,302)
8.9083 	EXP 	New trial (rep=0, index=16): <Trial 16 (16 in rep 0) data={'image_file': 'faces/004_o_m_d_a.jpg', 'correct_emotion': 'disgust', 'thisN': 16, 'thisTrialN': 16, 'thisRepN': 0}>
8.9898 	EXP 	imageStim: autoDraw = False
8.9898 	EXP 	imageStim: image = 'faces/004_o_m_d_a.jpg'
8.9898 	EXP 	imageStim: autoDraw = True
8.9916 	DATA 	Mouse:  Left button up, pos=(1095,302)
9.0820 	DATA 	Mouse: Left button down, pos=(1095,302)
9.0826 	EXP 	New trial (rep=0, index=17): <Trial 17 (17 in rep 0) data={'image_file': 'faces/116_m_m_n_b.jpg', 'correct_emotion': 'neutrality', 'thisN': 17, 'thisTrialN': 17, 'thisRepN': 0}>
9.1653 	EXP 	imageStim: autoDraw = False
9.1653 	EXP 	imageStim: image = 'faces/116_m_m_n_b.jpg'
9.1653 	EXP 	imageStim: autoDraw = True
9.1760 	DATA 	Mouse:  Left button up, pos=(1095,302)
9.2634 	DATA 	Mouse: Left button down, pos=(1095,302)
9.2682 	EXP 	New trial (rep=0, index=18): <Trial 18 (18 in rep 0) data={'image_file': 'faces/168_m_f_s_b.jpg', 'correct_emotion': 'sadness', 'thisN': 18, 'thisTrialN': 18, 'thisRepN': 0}>
9.3531 	EXP 	imageStim: autoDraw = False
9.3531 	EXP 	imageStim: image = 'faces/168_m_f_s_b.jpg'
9.3531 	EXP 	imageStim: autoDraw = True
9.3539 	DATA 	Mouse:  Left button up, pos=(1095,302)
9.4474 	DATA 	Mouse: Left button down, pos=(1095,302)
9.4481 	EXP 	New trial (rep=0, index=19): <Trial 19 (19 in rep 0) data={'image_file': 'faces/079_o_f_n_b.jpg', 'correct_emotion': 'neutrality', 'thisN': 19, 'thisTrialN': 19, 'thisRepN': 0}>
9.5382 	EXP 	imageStim: autoDraw = False
9.5382 	EXP 	imageStim: image = 'faces/079_o_f_n_b.jpg'
9.5382 	EXP 	imageStim: autoDraw = True
9.5478 	DATA 	Mouse:  Left button up, pos=(1095,302)
9.6339 	DATA 	Mouse: Left button down, pos=(1095,302)
9.6345 	EXP 	New trial (rep=0, index=20): <Trial 20 (20 in rep 0) data={'image_file': 'faces/004_o_m_n_a.jpg', 'correct_emotion': 'neutrality', 'thisN': 20, 'thisTrialN': 20, 'thisRepN': 0}>
9.7180 	EXP 	imageStim: autoDraw = False
9.7180 	EXP 	imageStim: image = 'faces/004_o_m_n_a.jpg'
9.7180 	EXP 	imageStim: autoDraw = True
9.7368 	DATA 	Mouse:  Left button up, pos=(1095,302)
9.8256 	DATA 	Mouse: Left button down, pos=(1095,302)
9.8262 	EXP 	New trial (rep=0, index=21): <Trial 21 (21 in rep 0) data={'image_file': 'faces/004_o_m_a_b.jpg', 'correct_emotion': 'anger', 'thisN': 21, 'thisTrialN': 21, 'thisRepN': 0}>
9.9138 	EXP 	imageStim: autoDraw = False
9.9138 	EXP 	imageStim: image = 'faces/004_o_m_a_b.jpg'
9.9138 	EXP 	imageStim: autoDraw = True
9.9298 	DATA 	Mouse:  Left button up, pos=(1095,302)
10.0156 	DATA 	Mouse: Left button down, pos=(1095,302)
10.0214 	EXP 	New trial (rep=0, index=22): <Trial 22 (22 in rep 0) data={'image_file': 'faces/004_o_m_f_a.jpg', 'correct_emotion': 'fear', 'thisN': 22, 'thisTrialN': 22, 'thisRepN': 0}>
10.1046 	DATA 	Mouse:  Left button up, pos=(1095,302)
10.1116 	EXP 	imageStim: autoDraw = False
10.1116 	EXP 	imageStim: image = 'faces/004_o_m_f_a.jpg'
10.1116 	EXP 	imageStim: autoDraw = True
10.2087 	DATA 	Mouse: Left button down, pos=(1095,302)
10.2094 	EXP 	New trial (rep=0, index=23): <Trial 23 (23 in rep 0) data={'image_file': 'faces/079_o_f_a_b.jpg', 'correct_emotion': 'anger', 'thisN': 23, 'thisTrialN': 23, 'thisRepN': 0}>
10.2959 	DATA 	Mouse:  Left button up, pos=(1095,302)
10.3022 	EXP 	imageStim: autoDraw = False
10.3022 	EXP 	imageStim: image = 'faces/079_o_f_a_b.jpg'
10.3022 	EXP 	imageStim: autoDraw = True
10.3921 	DATA 	Mouse: Left button down, pos=(1095,302)
10.3928 	EXP 	New trial (rep=0, index=24): <Trial 24 (24 in rep 0) data={'image_file': 'faces/140_y_f_f_b.jpg', 'correct_emotion': 'fear', 'thisN': 24, 'thisTrialN': 24, 'thisRepN': 0}>
10.4719 	DATA 	Mouse:  Left button up, pos=(1095,302)
10.4827 	EXP 	imageStim: autoDraw = False
10.4827 	EXP 	imageStim: image = 'faces/140_y_f_f_b.jpg'
10.4827 	EXP 	imageStim: autoDraw = True
10.5619 	DATA 	Mouse: Left button down, pos=(1095,302)
10.5627 	EXP 	New trial (rep=0, index=25): <Trial 25 (25 in rep 0) data={'image_file': 'faces/004_o_m_s_b.jpg', 'correct_emotion': 'sadness', 'thisN': 25, 'thisTrialN': 25, 'thisRepN': 0}>
10.6480 	DATA 	Mouse:  Left button up, pos=(1095,302)
10.6602 	EXP 	imageStim: autoDraw = False
10.6602 	EXP 	imageStim: image = 'faces/004_o_m_s_b.jpg'
10.6602 	EXP 	imageStim: autoDraw = True
10.7517 	DATA 	Mouse: Left button down, pos=(1095,302)
10.7577 	EXP 	New trial (rep=0, index=26): <Trial 26 (26 in rep 0) data={'image_file': 'faces/140_y_f_h_a.jpg', 'correct_emotion': 'happiness', 'thisN': 26, 'thisTrialN': 26, 'thisRepN': 0}>
10.8593 	DATA 	Mouse:  Left button up, pos=(1095,302)
10.8735 	EXP 	imageStim: autoDraw = False
10.8735 	EXP 	imageStim: image = 'faces/140_y_f_h_a.jpg'
10.8735 	EXP 	imageStim: autoDraw = True
10.9678 	DATA 	Mouse: Left button down, pos=(1095,302)
10.9737 	EXP 	New trial (rep=0, index=27): <Trial 27 (27 in rep 0) data={'image_file': 'faces/079_o_f_s_a.jpg', 'correct_emotion': 'sadness', 'thisN': 27, 'thisTrialN': 27, 'thisRepN': 0}>
11.0550 	DATA 	Mouse:  Left button up, pos=(1095,302)
11.0708 	EXP 	imageStim: autoDraw = False
11.0708 	EXP 	imageStim: image = 'faces/079_o_f_s_a.jpg'
11.0708 	EXP 	imageStim: autoDraw = True
11.1675 	DATA 	Mouse: Left button down, pos=(1095,302)
11.1726 	EXP 	New trial (rep=0, index=28): <Trial 28 (28 in rep 0) data={'image_file': 'faces/168_m_f_a_a.jpg', 'correct_emotion': 'anger', 'thisN': 28, 'thisTrialN': 28, 'thisRepN': 0}>
11.2575 	EXP 	imageStim: autoDraw = False
11.2575 	EXP 	imageStim: image = 'faces/168_m_f_a_a.jpg'
11.2575 	EXP 	imageStim: autoDraw = True
11.2671 	DATA 	Mouse:  Left button up, pos=(1095,302)
11.3516 	DATA 	Mouse: Left button down, pos=(1095,302)
11.3583 	EXP 	New trial (rep=0, index=29): <Trial 29 (29 in rep 0) data={'image_file': 'faces/140_y_f_a_b.jpg', 'correct_emotion': 'anger', 'thisN': 29, 'thisTrialN': 29, 'thisRepN': 0}>
11.4401 	DATA 	Mouse:  Left button up, pos=(1095,302)
11.4499 	EXP 	imageStim: autoDraw = False
11.4499 	EXP 	imageStim: image = 'faces/140_y_f_a_b.jpg'
11.4499 	EXP 	imageStim: autoDraw = True
11.5275 	DATA 	Mouse: Left button down, pos=(1095,302)
11.5342 	EXP 	New trial (rep=0, index=30): <Trial 30 (30 in rep 0) data={'image_file': 'faces/116_m_m_f_a.jpg', 'correct_emotion': 'fear', 'thisN': 30, 'thisTrialN': 30, 'thisRepN': 0}>
11.6086 	DATA 	Mouse:  Left button up, pos=(1095,302)
11.6164 	EXP 	imageStim: autoDraw = False
11.6164 	EXP 	imageStim: image = 'faces/116_m_m_f_a.jpg'
11.6164 	EXP 	imageStim: autoDraw = True
11.7069 	DATA 	Mouse: Left button down, pos=(1095,302)
11.7076 	EXP 	New trial (rep=0, index=31): <Trial 31 (31 in rep 0) data={'image_file': 'faces/079_o_f_f_b.jpg', 'correct_emotion': 'fear', 'thisN': 31, 'thisTrialN': 31, 'thisRepN': 0}>
11.7976 	EXP 	imageStim: autoDraw = False
11.7976 	EXP 	imageStim: image = 'faces/079_o_f_f_b.jpg'
11.7976 	EXP 	imageStim: autoDraw = True
11.8087 	DATA 	Mouse:  Left button up, pos=(1095,302)
11.9038 	DATA 	Mouse: Left button down, pos=(1095,302)
11.9114 	EXP 	New trial (rep=0, index=32): <Trial 32 (32 in rep 0) data={'image_file': 'faces/079_o_f_d_b.jpg', 'correct_emotion': 'disgust', 'thisN': 32, 'thisTrialN': 32, 'thisRepN': 0}>
11.9966 	EXP 	imageStim: autoDraw = False
11.9966 	EXP 	imageStim: image = 'faces/079_o_f_d_b.jpg'
11.9966 	EXP 	imageStim: autoDraw = True
12.0080 	DATA 	Mouse:  Left button up, pos=(1095,302)
12.1121 	DATA 	Mouse: Left button down, pos=(1095,302)
12.1128 	EXP 	New trial (rep=0, index=33): <Trial 33 (33 in rep 0) data={'image_file': 'faces/116_m_m_f_b.jpg', 'correct_emotion': 'fear', 'thisN': 33, 'thisTrialN': 33, 'thisRepN': 0}>
12.2015 	EXP 	imageStim: autoDraw = False
12.2015 	EXP 	imageStim: image = 'faces/116_m_m_f_b.jpg'
12.2015 	EXP 	imageStim: autoDraw = True
12.2162 	DATA 	Mouse:  Left button up, pos=(1095,302)
12.2878 	DATA 	Mouse: Left button down, pos=(1095,302)
12.2915 	EXP 	New trial (rep=0, index=34): <Trial 34 (34 in rep 0) data={'image_file': 'faces/140_y_f_s_a.jpg', 'correct_emotion': 'sadness', 'thisN': 34, 'thisTrialN': 34, 'thisRepN': 0}>
12.3968 	EXP 	imageStim: autoDraw = False
12.3968 	EXP 	imageStim: image = 'faces/140_y_f_s_a.jpg'
12.3968 	EXP 	imageStim: autoDraw = True
12.4008 	DATA 	Mouse:  Left button up, pos=(1095,302)
12.4637 	DATA 	Mouse: Left button down, pos=(1095,302)
12.4701 	EXP 	New trial (rep=0, index=35): <Trial 35 (35 in rep 0) data={'image_file': 'faces/116_m_m_s_a.jpg', 'correct_emotion': 'sadness', 'thisN': 35, 'thisTrialN': 35, 'thisRepN': 0}>
12.5518 	EXP 	imageStim: autoDraw = False
12.5518 	EXP 	imageStim: image = 'faces/116_m_m_s_a.jpg'
12.5518 	EXP 	imageStim: autoDraw = True
12.5604 	DATA 	Mouse:  Left button up, pos=(1095,302)
12.6323 	DATA 	Mouse: Left button down, pos=(1095,302)
12.6331 	EXP 	New trial (rep=0, index=36): <Trial 36 (36 in rep 0) data={'image_file': 'faces/168_m_f_h_a.jpg', 'correct_emotion': 'happiness', 'thisN': 36, 'thisTrialN': 36, 'thisRepN': 0}>
12.7164 	EXP 	imageStim: autoDraw = False
12.7164 	EXP 	imageStim: image = 'faces/168_m_f_h_a.jpg'
12.7164 	EXP 	imageStim: autoDraw = True
12.7202 	DATA 	Mouse:  Left button up, pos=(1095,302)
12.7837 	DATA 	Mouse: Left button down, pos=(1095,302)
12.7872 	EXP 	New trial (rep=0, index=37): <Trial 37 (37 in rep 0) data={'image_file': 'faces/066_y_m_n_b.jpg', 'correct_emotion': 'neutrality', 'thisN': 37, 'thisTrialN': 37, 'thisRepN': 0}>
12.8687 	EXP 	imageStim: autoDraw = False
12.8687 	EXP 	imageStim: image = 'faces/066_y_m_n_b.jpg'
12.8687 	EXP 	imageStim: autoDraw = True
12.8802 	DATA 	Mouse:  Left button up, pos=(1095,302)
12.9462 	DATA 	Mouse: Left button down, pos=(1095,302)
12.9469 	EXP 	New trial (rep=0, index=38): <Trial 38 (38 in rep 0) data={'image_file': 'faces/168_m_f_f_a.jpg', 'correct_emotion': 'fear', 'thisN': 38, 'thisTrialN': 38, 'thisRepN': 0}>
13.0296 	EXP 	imageStim: autoDraw = False
13.0296 	EXP 	imageStim: image = 'faces/168_m_f_f_a.jpg'
13.0296 	EXP 	imageStim: autoDraw = True
13.0481 	DATA 	Mouse:  Left button up, pos=(1095,302)
13.1037 	DATA 	Mouse: Left button down, pos=(1095,302)
13.1109 	EXP 	New trial (rep=0, index=39): <Trial 39 (39 in rep 0) data={'image_file': 'faces/116_m_m_a_a.jpg', 'correct_emotion': 'anger', 'thisN': 39, 'thisTrialN': 39, 'thisRepN': 0}>
13.1972 	EXP 	imageStim: autoDraw = False
13.1972 	EXP 	imageStim: image = 'faces/116_m_m_a_a.jpg'
13.1972 	EXP 	imageStim: autoDraw = True
13.2002 	DATA 	Mouse:  Left button up, pos=(1095,302)
13.2569 	DATA 	Mouse: Left button down, pos=(1095,302)
13.2575 	EXP 	New trial (rep=0, index=40): <Trial 40 (40 in rep 0) data={'image_file': 'faces/079_o_f_h_a.jpg', 'correct_emotion': 'happiness', 'thisN': 40, 'thisTrialN': 40, 'thisRepN': 0}>
13.3536 	EXP 	imageStim: autoDraw = False
13.3536 	EXP 	imageStim: image = 'faces/079_o_f_h_a.jpg'
13.3536 	EXP 	imageStim: autoDraw = True
13.3679 	DATA 	Mouse:  Left button up, pos=(1095,302)
13.4154 	DATA 	Mouse: Left button down, pos=(1095,302)
13.4223 	EXP 	New trial (rep=0, index=41): <Trial 41 (41 in rep 0) data={'image_file': 'faces/004_o_m_h_b.jpg', 'correct_emotion': 'happiness', 'thisN': 41, 'thisTrialN': 41, 'thisRepN': 0}>
13.5072 	EXP 	imageStim: autoDraw = False
13.5072 	EXP 	imageStim: image = 'faces/004_o_m_h_b.jpg'
13.5072 	EXP 	imageStim: autoDraw = True
13.5365 	DATA 	Mouse:  Left button up, pos=(1095,302)
13.6016 	DATA 	Mouse: Left button down, pos=(1095,302)
13.6024 	EXP 	New trial (rep=0, index=42): <Trial 42 (42 in rep 0) data={'image_file': 'faces/066_y_m_d_a.jpg', 'correct_emotion': 'disgust', 'thisN': 42, 'thisTrialN': 42, 'thisRepN': 0}>
13.6883 	EXP 	imageStim: autoDraw = False
13.6883 	EXP 	imageStim: image = 'faces/066_y_m_d_a.jpg'
13.6883 	EXP 	imageStim: autoDraw = True
13.9274 	EXP 	imageStim: autoDraw = False
14.4084 	DATA 	Mouse:  Left button up, pos=(1095,302)
14.5291 	DATA 	Mouse: Left button down, pos=(1095,302)
14.5299 	EXP 	New trial (rep=0, index=43): <Trial 43 (43 in rep 0) data={'image_file': 'faces/079_o_f_d_a.jpg', 'correct_emotion': 'disgust', 'thisN': 43, 'thisTrialN': 43, 'thisRepN': 0}>
14.6169 	EXP 	imageStim: autoDraw = False
14.6169 	EXP 	imageStim: image = 'faces/079_o_f_d_a.jpg'
14.6169 	EXP 	imageStim: autoDraw = True
14.6175 	DATA 	Mouse:  Left button up, pos=(1095,302)
14.8615 	EXP 	imageStim: autoDraw = False
14.9520 	DATA 	Mouse: Left button down, pos=(1095,302)
14.9585 	EXP 	New trial (rep=0, index=44): <Trial 44 (44 in rep 0) data={'image_file': 'faces/066_y_m_h_b.jpg', 'correct_emotion': 'happiness', 'thisN': 44, 'thisTrialN': 44, 'thisRepN': 0}>
15.0355 	DATA 	Mouse:  Left button up, pos=(1095,302)
15.0470 	EXP 	imageStim: autoDraw = False
15.0470 	EXP 	imageStim: image = 'faces/066_y_m_h_b.jpg'
15.0470 	EXP 	imageStim: autoDraw = True
15.2821 	DATA 	Mouse: Left button down, pos=(1095,302)
15.2829 	EXP 	New trial (rep=0, index=45): <Trial 45 (45 in rep 0) data={'image_file': 'faces/066_y_m_a_b.jpg', 'correct_emotion': 'anger', 'thisN': 45, 'thisTrialN': 45, 'thisRepN': 0}>
15.3711 	EXP 	imageStim: autoDraw = False
15.3711 	EXP 	imageStim: autoDraw = False
15.3711 	EXP 	imageStim: image = 'faces/066_y_m_a_b.jpg'
15.3711 	EXP 	imageStim: autoDraw = True
15.3850 	DATA 	Mouse:  Left button up, pos=(1095,302)
15.4877 	DATA 	Mouse: Left button down, pos=(1095,302)
15.4884 	EXP 	New trial (rep=0, index=46): <Trial 46 (46 in rep 0) data={'image_file': 'faces/168_m_f_a_b.jpg', 'correct_emotion': 'anger', 'thisN': 46, 'thisTrialN': 46, 'thisRepN': 0}>
15.5792 	EXP 	imageStim: autoDraw = False
15.5792 	EXP 	imageStim: image = 'faces/168_m_f_a_b.jpg'
15.5792 	EXP 	imageStim: autoDraw = True
15.5799 	DATA 	Mouse:  Left button up, pos=(1095,302)
15.6640 	DATA 	Mouse: Left button down, pos=(1095,302)
15.6721 	EXP 	New trial (rep=0, index=47): <Trial 47 (47 in rep 0) data={'image_file': 'faces/079_o_f_h_b.jpg', 'correct_emotion': 'happiness', 'thisN': 47, 'thisTrialN': 47, 'thisRepN': 0}>
15.7620 	DATA 	Mouse:  Left button up, pos=(1095,302)
15.7761 	EXP 	imageStim: autoDraw = False
15.7761 	EXP 	imageStim: image = 'faces/079_o_f_h_b.jpg'
15.7761 	EXP 	imageStim: autoDraw = True
15.8401 	DATA 	Mouse: Left button down, pos=(1095,302)
15.8461 	EXP 	New trial (rep=0, index=48): <Trial 48 (48 in rep 0) data={'image_file': 'faces/168_m_f_f_b.jpg', 'correct_emotion': 'fear', 'thisN': 48, 'thisTrialN': 48, 'thisRepN': 0}>
15.9343 	EXP 	imageStim: autoDraw = False
15.9343 	EXP 	imageStim: image = 'faces/168_m_f_f_b.jpg'
15.9343 	EXP 	imageStim: autoDraw = True
15.9350 	DATA 	Mouse:  Left button up, pos=(1095,302)
15.9916 	DATA 	Mouse: Left button down, pos=(1095,302)
15.9969 	EXP 	New trial (rep=0, index=49): <Trial 49 (49 in rep 0) data={'image_file': 'faces/004_o_m_f_b.jpg', 'correct_emotion': 'fear', 'thisN': 49, 'thisTrialN': 49, 'thisRepN': 0}>
16.0822 	EXP 	imageStim: autoDraw = False
16.0822 	EXP 	imageStim: image = 'faces/004_o_m_f_b.jpg'
16.0822 	EXP 	imageStim: autoDraw = True
16.0831 	DATA 	Mouse:  Left button up, pos=(1095,302)
16.1756 	DATA 	Mouse: Left button down, pos=(1095,302)
16.1828 	EXP 	New trial (rep=0, index=50): <Trial 50 (50 in rep 0) data={'image_file': 'faces/140_y_f_s_b.jpg', 'correct_emotion': 'sadness', 'thisN': 50, 'thisTrialN': 50, 'thisRepN': 0}>
16.2640 	DATA 	Mouse:  Left button up, pos=(1095,302)
16.2737 	EXP 	imageStim: autoDraw = False
16.2737 	EXP 	imageStim: image = 'faces/140_y_f_s_b.jpg'
16.2737 	EXP 	imageStim: autoDraw = True
16.3614 	DATA 	Mouse: Left button down, pos=(1095,302)
16.3620 	EXP 	New trial (rep=0, index=51): <Trial 51 (51 in rep 0) data={'image_file': 'faces/116_m_m_h_b.jpg', 'correct_emotion': 'happiness', 'thisN': 51, 'thisTrialN': 51, 'thisRepN': 0}>
16.4414 	EXP 	imageStim: autoDraw = False
16.4414 	EXP 	imageStim: image = 'faces/116_m_m_h_b.jpg'
16.4414 	EXP 	imageStim: autoDraw = True
16.4499 	DATA 	Mouse:  Left button up, pos=(1095,302)
16.5678 	DATA 	Mouse: Left button down, pos=(1095,302)
16.5743 	EXP 	New trial (rep=0, index=52): <Trial 52 (52 in rep 0) data={'image_file': 'faces/004_o_m_a_a.jpg', 'correct_emotion': 'anger', 'thisN': 52, 'thisTrialN': 52, 'thisRepN': 0}>
16.6727 	DATA 	Mouse:  Left button up, pos=(1095,302)
16.6838 	EXP 	imageStim: autoDraw = False
16.6838 	EXP 	imageStim: image = 'faces/004_o_m_a_a.jpg'
16.6838 	EXP 	imageStim: autoDraw = True
16.7772 	DATA 	Mouse: Left button down, pos=(1095,302)
16.7818 	EXP 	New trial (rep=0, index=53): <Trial 53 (53 in rep 0) data={'image_file': 'faces/066_y_m_s_a.jpg', 'correct_emotion': 'sadness', 'thisN': 53, 'thisTrialN': 53, 'thisRepN': 0}>
16.8568 	DATA 	Mouse:  Left button up, pos=(1095,302)
16.8678 	EXP 	imageStim: autoDraw = False
16.8678 	EXP 	imageStim: image = 'faces/066_y_m_s_a.jpg'
16.8678 	EXP 	imageStim: autoDraw = True
16.9473 	DATA 	Mouse: Left button down, pos=(1095,302)
16.9480 	EXP 	New trial (rep=0, index=54): <Trial 54 (54 in rep 0) data={'image_file': 'faces/116_m_m_a_b.jpg', 'correct_emotion': 'anger', 'thisN': 54, 'thisTrialN': 54, 'thisRepN': 0}>
17.0243 	DATA 	Mouse:  Left button up, pos=(1095,302)
17.0328 	EXP 	imageStim: autoDraw = False
17.0328 	EXP 	imageStim: image = 'faces/116_m_m_a_b.jpg'
17.0328 	EXP 	imageStim: autoDraw = True
17.1119 	DATA 	Mouse: Left button down, pos=(1095,302)
17.1173 	EXP 	New trial (rep=0, index=55): <Trial 55 (55 in rep 0) data={'image_file': 'faces/066_y_m_a_a.jpg', 'correct_emotion': 'anger', 'thisN': 55, 'thisTrialN': 55, 'thisRepN': 0}>
17.1912 	DATA 	Mouse:  Left button up, pos=(1095,302)
17.2020 	EXP 	imageStim: autoDraw = False
17.2020 	EXP 	imageStim: image = 'faces/066_y_m_a_a.jpg'
17.2020 	EXP 	imageStim: autoDraw = True
17.2818 	DATA 	Mouse: Left button down, pos=(1095,302)
17.2825 	EXP 	New trial (rep=0, index=56): <Trial 56 (56 in rep 0) data={'image_file': 'faces/004_o_m_h_a.jpg', 'correct_emotion': 'happiness', 'thisN': 56, 'thisTrialN': 56, 'thisRepN': 0}>
17.3581 	DATA 	Mouse:  Left button up, pos=(1095,302)
17.3758 	EXP 	imageStim: autoDraw = False
17.3758 	EXP 	imageStim: image = 'faces/004_o_m_h_a.jpg'
17.3758 	EXP 	imageStim: autoDraw = True
17.4480 	DATA 	Mouse: Left button down, pos=(1095,302)
17.4548 	EXP 	New trial (rep=0, index=57): <Trial 57 (57 in rep 0) data={'image_file': 'faces/168_m_f_n_b.jpg', 'correct_emotion': 'neutrality', 'thisN': 57, 'thisTrialN': 57, 'thisRepN': 0}>
17.5273 	DATA 	Mouse:  Left button up, pos=(1095,302)
17.5382 	EXP 	imageStim: autoDraw = False
17.5382 	EXP 	imageStim: image = 'faces/168_m_f_n_b.jpg'
17.5382 	EXP 	imageStim: autoDraw = True
17.6400 	DATA 	Mouse: Left button down, pos=(1095,302)
17.6445 	EXP 	New trial (rep=0, index=58): <Trial 58 (58 in rep 0) data={'image_file': 'faces/066_y_m_f_a.jpg', 'correct_emotion': 'fear', 'thisN': 58, 'thisTrialN': 58, 'thisRepN': 0}>
17.7164 	DATA 	Mouse:  Left button up, pos=(1095,302)
17.7272 	EXP 	imageStim: autoDraw = False
17.7272 	EXP 	imageStim: image = 'faces/066_y_m_f_a.jpg'
17.7272 	EXP 	imageStim: autoDraw = True
17.9725 	EXP 	imageStim: autoDraw = False
18.5358 	DATA 	Mouse: Left button down, pos=(1095,302)
18.5400 	EXP 	New trial (rep=0, index=59): <Trial 59 (59 in rep 0) data={'image_file': 'faces/168_m_f_n_a.jpg', 'correct_emotion': 'neutrality', 'thisN': 59, 'thisTrialN': 59, 'thisRepN': 0}>
18.6222 	EXP 	imageStim: autoDraw = False
18.6222 	EXP 	imageStim: image = 'faces/168_m_f_n_a.jpg'
18.6222 	EXP 	imageStim: autoDraw = True
18.6236 	DATA 	Mouse:  Left button up, pos=(1095,302)
18.7195 	DATA 	Mouse: Left button down, pos=(1095,302)
18.7258 	EXP 	New trial (rep=0, index=60): <Trial 60 (60 in rep 0) data={'image_file': 'faces/168_m_f_s_a.jpg', 'correct_emotion': 'sadness', 'thisN': 60, 'thisTrialN': 60, 'thisRepN': 0}>
18.7951 	DATA 	Mouse:  Left button up, pos=(1095,302)
18.8074 	EXP 	imageStim: autoDraw = False
18.8074 	EXP 	imageStim: image = 'faces/168_m_f_s_a.jpg'
18.8074 	EXP 	imageStim: autoDraw = True
18.8726 	DATA 	Mouse: Left button down, pos=(1095,302)
18.8790 	EXP 	New trial (rep=0, index=61): <Trial 61 (61 in rep 0) data={'image_file': 'faces/079_o_f_f_a.jpg', 'correct_emotion': 'fear', 'thisN': 61, 'thisTrialN': 61, 'thisRepN': 0}>
18.9556 	DATA 	Mouse:  Left button up, pos=(1095,302)
18.9714 	EXP 	imageStim: autoDraw = False
18.9714 	EXP 	imageStim: image = 'faces/079_o_f_f_a.jpg'
18.9714 	EXP 	imageStim: autoDraw = True
19.0237 	DATA 	Mouse: Left button down, pos=(1095,302)
19.0334 	EXP 	New trial (rep=0, index=62): <Trial 62 (62 in rep 0) data={'image_file': 'faces/116_m_m_d_a.jpg', 'correct_emotion': 'disgust', 'thisN': 62, 'thisTrialN': 62, 'thisRepN': 0}>
19.1108 	DATA 	Mouse:  Left button up, pos=(1095,302)
19.1219 	EXP 	imageStim: autoDraw = False
19.1219 	EXP 	imageStim: image = 'faces/116_m_m_d_a.jpg'
19.1219 	EXP 	imageStim: autoDraw = True
19.1838 	DATA 	Mouse: Left button down, pos=(1095,302)
19.1875 	EXP 	New trial (rep=0, index=63): <Trial 63 (63 in rep 0) data={'image_file': 'faces/168_m_f_h_b.jpg', 'correct_emotion': 'happiness', 'thisN': 63, 'thisTrialN': 63, 'thisRepN': 0}>
19.2589 	DATA 	Mouse:  Left button up, pos=(1095,302)
19.2702 	EXP 	imageStim: autoDraw = False
19.2702 	EXP 	imageStim: image = 'faces/168_m_f_h_b.jpg'
19.2702 	EXP 	imageStim: autoDraw = True
19.3279 	DATA 	Mouse: Left button down, pos=(1095,302)
19.3398 	EXP 	New trial (rep=0, index=64): <Trial 64 (64 in rep 0) data={'image_file': 'faces/116_m_m_d_b.jpg', 'correct_emotion': 'disgust', 'thisN': 64, 'thisTrialN': 64, 'thisRepN': 0}>
19.4135 	DATA 	Mouse:  Left button up, pos=(1095,302)
19.4243 	EXP 	imageStim: autoDraw = False
19.4243 	EXP 	imageStim: image = 'faces/116_m_m_d_b.jpg'
19.4243 	EXP 	imageStim: autoDraw = True
19.4731 	DATA 	Mouse: Left button down, pos=(1095,302)
19.4739 	EXP 	New trial (rep=0, index=65): <Trial 65 (65 in rep 0) data={'image_file': 'faces/079_o_f_a_a.jpg', 'correct_emotion': 'anger', 'thisN': 65, 'thisTrialN': 65, 'thisRepN': 0}>
19.5502 	DATA 	Mouse:  Left button up, pos=(1095,302)
19.5616 	EXP 	imageStim: autoDraw = False
19.5616 	EXP 	imageStim: image = 'faces/079_o_f_a_a.jpg'
19.5616 	EXP 	imageStim: autoDraw = True
19.6084 	DATA 	Mouse: Left button down, pos=(1095,302)
19.6094 	EXP 	New trial (rep=0, index=66): <Trial 66 (66 in rep 0) data={'image_file': 'faces/140_y_f_f_a.jpg', 'correct_emotion': 'fear', 'thisN': 66, 'thisTrialN': 66, 'thisRepN': 0}>
19.6873 	DATA 	Mouse:  Left button up, pos=(1095,302)
19.6981 	EXP 	imageStim: autoDraw = False
19.6981 	EXP 	imageStim: image = 'faces/140_y_f_f_a.jpg'
19.6981 	EXP 	imageStim: autoDraw = True
19.7525 	DATA 	Mouse: Left button down, pos=(1095,302)
19.7599 	EXP 	New trial (rep=0, index=67): <Trial 67 (67 in rep 0) data={'image_file': 'faces/140_y_f_a_a.jpg', 'correct_emotion': 'anger', 'thisN': 67, 'thisTrialN': 67, 'thisRepN': 0}>
19.8429 	DATA 	Mouse:  Left button up, pos=(1095,302)
19.8538 	EXP 	imageStim: autoDraw = False
19.8538 	EXP 	imageStim: image = 'faces/140_y_f_a_a.jpg'
19.8538 	EXP 	imageStim: autoDraw = True
19.8878 	DATA 	Mouse: Left button down, pos=(1095,302)
19.8950 	EXP 	New trial (rep=0, index=68): <Trial 68 (68 in rep 0) data={'image_file': 'faces/116_m_m_h_a.jpg', 'correct_emotion': 'happiness', 'thisN': 68, 'thisTrialN': 68, 'thisRepN': 0}>
19.9665 	DATA 	Mouse:  Left button up, pos=(1095,302)
19.9767 	EXP 	imageStim: autoDraw = False
19.9767 	EXP 	imageStim: image = 'faces/116_m_m_h_a.jpg'
19.9767 	EXP 	imageStim: autoDraw = True
20.0160 	DATA 	Mouse: Left button down, pos=(1095,302)
20.0209 	EXP 	New trial (rep=0, index=69): <Trial 69 (69 in rep 0) data={'image_file': 'faces/168_m_f_d_b.jpg', 'correct_emotion': 'disgust', 'thisN': 69, 'thisTrialN': 69, 'thisRepN': 0}>
20.0936 	DATA 	Mouse:  Left button up, pos=(1095,302)
20.1061 	EXP 	imageStim: autoDraw = False
20.1061 	EXP 	imageStim: image = 'faces/168_m_f_d_b.jpg'
20.1061 	EXP 	imageStim: autoDraw = True
20.1521 	DATA 	Mouse: Left button down, pos=(1095,302)
20.1576 	EXP 	New trial (rep=0, index=70): <Trial 70 (70 in rep 0) data={'image_file': 'faces/079_o_f_n_a.jpg', 'correct_emotion': 'neutrality', 'thisN': 70, 'thisTrialN': 70, 'thisRepN': 0}>
20.2372 	DATA 	Mouse:  Left button up, pos=(1095,302)
20.2475 	EXP 	imageStim: autoDraw = False
20.2475 	EXP 	imageStim: image = 'faces/079_o_f_n_a.jpg'
20.2475 	EXP 	imageStim: autoDraw = True
20.2975 	DATA 	Mouse: Left button down, pos=(1095,302)
20.2982 	EXP 	New trial (rep=0, index=71): <Trial 71 (71 in rep 0) data={'image_file': 'faces/140_y_f_d_a.jpg', 'correct_emotion': 'disgust', 'thisN': 71, 'thisTrialN': 71, 'thisRepN': 0}>
20.3763 	DATA 	Mouse:  Left button up, pos=(1095,302)
20.3871 	EXP 	imageStim: autoDraw = False
20.3871 	EXP 	imageStim: image = 'faces/140_y_f_d_a.jpg'
20.3871 	EXP 	imageStim: autoDraw = True
20.4481 	DATA 	Mouse: Left button down, pos=(1095,302)
20.4569 	EXP 	imageStim: autoDraw = False
20.4570 	EXP 	faces_experiment: status = STOPPED
20.4647 	INFO 	saved data to 'C:\\Users\\cimpe\\OneDrive - Aarhus universitet\\Desktop\\Faces Experiment\\data\\993171_faces_experiment_2025-12-05_15h53.52.471.csv'
20.4677 	INFO 	saved data to C:\Users\cimpe\OneDrive - Aarhus universitet\Desktop\Faces Experiment\data\993171_faces_experiment_2025-12-05_15h53.52.471.psydat
20.8074 	WARNING 	Stopping key buffers but this could be dangerous ifother keyboards rely on the same.
