38.4154 	DEBUG 	Fullscreen settings ignored as running in pilot mode.
38.4161 	INFO 	Loaded monitor calibration from ['2025_10_10 10:59']
38.5346 	INFO 	Using renderer 'AMD Radeon(TM) 840M Graphics' for graphics
38.5346 	INFO 	OpenGL version supported by driver is 4..
38.5577 	EXP 	Created window1 = Window(allowGUI=False, allowStencil=False, autoLog=True, backendConf=UNKNOWN, backgroundFit=<method-wrapper '__getattribute__' of attributeSetter object at 0x000001D55F221780>, backgroundImage=<method-wrapper '__getattribute__' of attributeSetter object at 0x000001D55F2217E0>, bitsMode=UNKNOWN, blendMode='avg', bpc=(8, 8, 8), color=array([0, 0, 0]), colorSpace='rgb', depthBits=8, fullscr=False, gamma=None, gammaErrorPolicy='raise', infoMsg=UNKNOWN, lms=UNKNOWN, monitor=<psychopy.monitors.calibTools.Monitor object at 0x000001D55F2BF9A0>, multiSample=False, name='window1', numSamples=2, pos=[np.float64(880.0), np.float64(420.0)], screen=0, size=array([800, 600]), stencilBits=0, stereo=False, title='PsychoPy', units='height', useFBO=True, useRetina=False, viewOri=0.0, viewPos=None, viewScale=None, waitBlanking=True, winType='pyglet')
38.5578 	EXP 	window1: backgroundImage = ''
38.5578 	EXP 	window1: backgroundFit = 'none'
38.5734 	DEBUG 	TextBox2 loaded 1 chars with 0 blanks and 1 valid
38.5807 	DEBUG 	TextBox2 loaded 1 chars with 0 blanks and 1 valid
38.5882 	DEBUG 	TextBox2 loaded 1 chars with 0 blanks and 1 valid
38.5960 	DEBUG 	TextBox2 loaded 1 chars with 0 blanks and 1 valid
38.6044 	DEBUG 	TextBox2 loaded 1 chars with 0 blanks and 1 valid
38.6118 	DEBUG 	TextBox2 loaded 1 chars with 0 blanks and 1 valid
38.6193 	DEBUG 	TextBox2 loaded 1 chars with 0 blanks and 1 valid
38.6267 	DEBUG 	TextBox2 loaded 1 chars with 0 blanks and 1 valid
38.6335 	DEBUG 	TextBox2 loaded 1 chars with 0 blanks and 1 valid
38.6408 	DEBUG 	TextBox2 loaded 1 chars with 0 blanks and 1 valid
38.6481 	DEBUG 	TextBox2 loaded 1 chars with 0 blanks and 1 valid
38.6551 	DEBUG 	TextBox2 loaded 1 chars with 0 blanks and 1 valid
38.6623 	DEBUG 	TextBox2 loaded 1 chars with 0 blanks and 1 valid
38.6694 	DEBUG 	TextBox2 loaded 1 chars with 0 blanks and 1 valid
38.6765 	DEBUG 	TextBox2 loaded 1 chars with 0 blanks and 1 valid
38.6838 	DEBUG 	TextBox2 loaded 1 chars with 0 blanks and 1 valid
38.6910 	DEBUG 	TextBox2 loaded 1 chars with 0 blanks and 1 valid
38.6981 	DEBUG 	TextBox2 loaded 1 chars with 0 blanks and 1 valid
38.7052 	DEBUG 	TextBox2 loaded 1 chars with 0 blanks and 1 valid
38.7127 	DEBUG 	TextBox2 loaded 1 chars with 0 blanks and 1 valid
38.7197 	DEBUG 	TextBox2 loaded 1 chars with 0 blanks and 1 valid
38.7201 	DEBUG 	Uploading Texture Font fontname to graphics card
38.7210 	DEBUG 	Upload of Texture Font fontname complete
38.7325 	DEBUG 	TextBox2 loaded 1 chars with 0 blanks and 1 valid
38.7408 	DEBUG 	TextBox2 loaded 1 chars with 0 blanks and 1 valid
38.7482 	DEBUG 	TextBox2 loaded 1 chars with 0 blanks and 1 valid
38.7485 	DEBUG 	Uploading Texture Font fontname to graphics card
38.7489 	DEBUG 	Upload of Texture Font fontname complete
38.7502 	EXP 	window1: Attempting to measure frame rate of screen (0) ...
38.7503 	EXP 	window1: recordFrameIntervals = False
38.9248 	EXP 	window1: recordFrameIntervals = True
39.1072 	EXP 	Screen (0) actual frame rate measured at 60.15Hz
39.1073 	EXP 	window1: recordFrameIntervals = False
39.1165 	DEBUG 	TextBox2 loaded 1 chars with 0 blanks and 1 valid
39.1235 	DEBUG 	TextBox2 loaded 1 chars with 0 blanks and 1 valid
39.1307 	DEBUG 	TextBox2 loaded 1 chars with 0 blanks and 1 valid
39.1380 	DEBUG 	TextBox2 loaded 1 chars with 0 blanks and 1 valid
39.1454 	DEBUG 	TextBox2 loaded 1 chars with 0 blanks and 1 valid
39.1526 	DEBUG 	TextBox2 loaded 1 chars with 0 blanks and 1 valid
39.1597 	DEBUG 	TextBox2 loaded 1 chars with 0 blanks and 1 valid
39.1670 	DEBUG 	TextBox2 loaded 1 chars with 0 blanks and 1 valid
39.1742 	DEBUG 	TextBox2 loaded 1 chars with 0 blanks and 1 valid
39.1816 	DEBUG 	TextBox2 loaded 1 chars with 0 blanks and 1 valid
39.1820 	DEBUG 	Uploading Texture Font fontname to graphics card
39.1824 	DEBUG 	Upload of Texture Font fontname complete
39.3854 	INFO 	keyboard.Keyboard is using ptb backend.
39.3855 	EXP 	faces_experiment: status = STARTED
39.3896 	EXP 	Created imageStim = ImageStim(__class__=<class 'psychopy.visual.image.ImageStim'>, anchor=('center', 'center'), autoLog=True, color=array([1., 1., 1.]), colorSpace='rgb', contrast=1.0, depth=0.0, draggable=False, flipHoriz=np.False_, flipVert=np.False_, image='default.png', interpolate=True, mask=None, maskParams=None, name='imageStim', opacity=1, ori=0.0, pos=array([0., 0.]), size=array([0.5, 0.5]), texRes=128.0, units='height', win=Window(...))
39.4394 	EXP 	Created btn_anger = TextStim(__class__=<class 'psychopy.visual.text.TextStim'>, alignHoriz=method-wrapper(...), alignText='center', alignVert=method-wrapper(...), anchorHoriz='center', anchorVert='center', antialias=True, autoDraw=False, autoLog=True, bold=False, color=array([1., 1., 1.]), colorSpace='rgb', contrast=1.0, depth=-2.0, draggable=False, flipHoriz=False, flipVert=False, font='Arial', fontFiles=[], height=np.float64(0.06), italic=False, languageStyle='LTR', name='btn_anger', opacity=1, ori=0.0, pos=array([-0.4 , -0.25]), rgb=UNKNOWN, text='Anger', units='height', win=Window(...), wrapWidth=1)
39.4420 	EXP 	Created btn_disgust = TextStim(__class__=<class 'psychopy.visual.text.TextStim'>, alignHoriz=method-wrapper(...), alignText='center', alignVert=method-wrapper(...), anchorHoriz='center', anchorVert='center', antialias=True, autoDraw=False, autoLog=True, bold=False, color=array([1., 1., 1.]), colorSpace='rgb', contrast=1.0, depth=-3.0, draggable=False, flipHoriz=False, flipVert=False, font='Arial', fontFiles=[], height=np.float64(0.06), italic=False, languageStyle='LTR', name='btn_disgust', opacity=1, ori=0.0, pos=array([ 0.  , -0.25]), rgb=UNKNOWN, text='Disgust', units='height', win=Window(...), wrapWidth=1)
39.4444 	EXP 	Created btn_fear = TextStim(__class__=<class 'psychopy.visual.text.TextStim'>, alignHoriz=method-wrapper(...), alignText='center', alignVert=method-wrapper(...), anchorHoriz='center', anchorVert='center', antialias=True, autoDraw=False, autoLog=True, bold=False, color=array([1., 1., 1.]), colorSpace='rgb', contrast=1.0, depth=-4.0, draggable=False, flipHoriz=False, flipVert=False, font='Arial', fontFiles=[], height=np.float64(0.06), italic=False, languageStyle='LTR', name='btn_fear', opacity=1, ori=0.0, pos=array([ 0.4 , -0.25]), rgb=UNKNOWN, text='Fear', units='height', win=Window(...), wrapWidth=1)
39.4465 	EXP 	Created btn_happiness = TextStim(__class__=<class 'psychopy.visual.text.TextStim'>, alignHoriz=method-wrapper(...), alignText='center', alignVert=method-wrapper(...), anchorHoriz='center', anchorVert='center', antialias=True, autoDraw=False, autoLog=True, bold=False, color=array([1., 1., 1.]), colorSpace='rgb', contrast=1.0, depth=-5.0, draggable=False, flipHoriz=False, flipVert=False, font='Arial', fontFiles=[], height=np.float64(0.06), italic=False, languageStyle='LTR', name='btn_happiness', opacity=1, ori=0.0, pos=array([-0.04, -0.45]), rgb=UNKNOWN, text='Happiness', units='height', win=Window(...), wrapWidth=1)
39.4483 	EXP 	Created btn_neutrality = TextStim(__class__=<class 'psychopy.visual.text.TextStim'>, alignHoriz=method-wrapper(...), alignText='center', alignVert=method-wrapper(...), anchorHoriz='center', anchorVert='center', antialias=True, autoDraw=False, autoLog=True, bold=False, color=array([1., 1., 1.]), colorSpace='rgb', contrast=1.0, depth=-6.0, draggable=False, flipHoriz=False, flipVert=False, font='Arial', fontFiles=[], height=np.float64(0.06), italic=False, languageStyle='LTR', name='btn_neutrality', opacity=1, ori=0.0, pos=array([ 0.  , -0.45]), rgb=UNKNOWN, text='Neutrality', units='height', win=Window(...), wrapWidth=1)
39.4500 	EXP 	Created btn_sadness = TextStim(__class__=<class 'psychopy.visual.text.TextStim'>, alignHoriz=method-wrapper(...), alignText='center', alignVert=method-wrapper(...), anchorHoriz='center', anchorVert='center', antialias=True, autoDraw=False, autoLog=True, bold=False, color=array([1., 1., 1.]), colorSpace='rgb', contrast=1.0, depth=-7.0, draggable=False, flipHoriz=False, flipVert=False, font='Arial', fontFiles=[], height=np.float64(0.06), italic=False, languageStyle='LTR', name='btn_sadness', opacity=1, ori=0.0, pos=array([ 0.4 , -0.45]), rgb=UNKNOWN, text='Sadness', units='height', win=Window(...), wrapWidth=1)
0.0130 	DEBUG 	Read excel file with openpyxl: conditions_faces.xlsx
0.0140 	EXP 	Imported conditions_faces.xlsx as conditions, 72 conditions, 2 params
0.0145 	EXP 	New trial (rep=0, index=0): <Trial 0 (0 in rep 0) data={'image_file': 'faces/168_m_f_s_a.jpg', 'correct_emotion': 'sadness', 'thisN': 0, 'thisTrialN': 0, 'thisRepN': 0}>
0.1616 	DEBUG 	Saving data for faces_experiment ExperimentHandler
0.1628 	INFO 	saved data to C:\Users\cimpe\OneDrive - Aarhus universitet\Desktop\Faces Experiment\data\pilot_faces_experiment_2025-12-04_16h16.53.419.psydat
0.1633 	INFO 	saved data to 'C:\\Users\\cimpe\\OneDrive - Aarhus universitet\\Desktop\\Faces Experiment\\data\\pilot_faces_experiment_2025-12-04_16h16.53.419.csv'
0.1678 	WARNING 	Stopping key buffers but this could be dangerous ifother keyboards rely on the same.
