4.1266 	DEBUG 	Fullscreen settings ignored as running in pilot mode.
4.1273 	INFO 	Loaded monitor calibration from ['2025_10_10 10:59']
4.2557 	INFO 	Using renderer 'AMD Radeon(TM) 840M Graphics' for graphics
4.2557 	INFO 	OpenGL version supported by driver is 4..
4.2768 	EXP 	Created window1 = Window(allowGUI=False, allowStencil=False, autoLog=True, backendConf=UNKNOWN, backgroundFit=<method-wrapper '__getattribute__' of attributeSetter object at 0x000001DBFFA55390>, backgroundImage=<method-wrapper '__getattribute__' of attributeSetter object at 0x000001DBFFA54460>, bitsMode=UNKNOWN, blendMode='avg', bpc=(8, 8, 8), color=array([0, 0, 0]), colorSpace='rgb', depthBits=8, fullscr=False, gamma=None, gammaErrorPolicy='raise', infoMsg=UNKNOWN, lms=UNKNOWN, monitor=<psychopy.monitors.calibTools.Monitor object at 0x000001DB800E0B20>, multiSample=False, name='window1', numSamples=2, pos=[np.float64(880.0), np.float64(420.0)], screen=0, size=array([800, 600]), stencilBits=0, stereo=False, title='PsychoPy', units='height', useFBO=True, useRetina=False, viewOri=0.0, viewPos=None, viewScale=None, waitBlanking=True, winType='pyglet')
4.2768 	EXP 	window1: backgroundImage = ''
4.2769 	EXP 	window1: backgroundFit = 'none'
4.2895 	DEBUG 	TextBox2 loaded 1 chars with 0 blanks and 1 valid
4.2975 	DEBUG 	TextBox2 loaded 1 chars with 0 blanks and 1 valid
4.3052 	DEBUG 	TextBox2 loaded 1 chars with 0 blanks and 1 valid
4.3125 	DEBUG 	TextBox2 loaded 1 chars with 0 blanks and 1 valid
4.3197 	DEBUG 	TextBox2 loaded 1 chars with 0 blanks and 1 valid
4.3266 	DEBUG 	TextBox2 loaded 1 chars with 0 blanks and 1 valid
4.3336 	DEBUG 	TextBox2 loaded 1 chars with 0 blanks and 1 valid
4.3408 	DEBUG 	TextBox2 loaded 1 chars with 0 blanks and 1 valid
4.3476 	DEBUG 	TextBox2 loaded 1 chars with 0 blanks and 1 valid
4.3546 	DEBUG 	TextBox2 loaded 1 chars with 0 blanks and 1 valid
4.3617 	DEBUG 	TextBox2 loaded 1 chars with 0 blanks and 1 valid
4.3689 	DEBUG 	TextBox2 loaded 1 chars with 0 blanks and 1 valid
4.3758 	DEBUG 	TextBox2 loaded 1 chars with 0 blanks and 1 valid
4.3827 	DEBUG 	TextBox2 loaded 1 chars with 0 blanks and 1 valid
4.3898 	DEBUG 	TextBox2 loaded 1 chars with 0 blanks and 1 valid
4.3967 	DEBUG 	TextBox2 loaded 1 chars with 0 blanks and 1 valid
4.4035 	DEBUG 	TextBox2 loaded 1 chars with 0 blanks and 1 valid
4.4102 	DEBUG 	TextBox2 loaded 1 chars with 0 blanks and 1 valid
4.4171 	DEBUG 	TextBox2 loaded 1 chars with 0 blanks and 1 valid
4.4240 	DEBUG 	TextBox2 loaded 1 chars with 0 blanks and 1 valid
4.4307 	DEBUG 	TextBox2 loaded 1 chars with 0 blanks and 1 valid
4.4310 	DEBUG 	Uploading Texture Font fontname to graphics card
4.4332 	DEBUG 	Upload of Texture Font fontname complete
4.4446 	DEBUG 	TextBox2 loaded 1 chars with 0 blanks and 1 valid
4.4516 	DEBUG 	TextBox2 loaded 1 chars with 0 blanks and 1 valid
4.4586 	DEBUG 	TextBox2 loaded 1 chars with 0 blanks and 1 valid
4.4588 	DEBUG 	Uploading Texture Font fontname to graphics card
4.4601 	DEBUG 	Upload of Texture Font fontname complete
4.4615 	EXP 	window1: Attempting to measure frame rate of screen (0) ...
4.4615 	EXP 	window1: recordFrameIntervals = False
4.5414 	EXP 	window1: recordFrameIntervals = True
4.6186 	EXP 	Screen (0) actual frame rate measured at 141.03Hz
4.6186 	EXP 	window1: recordFrameIntervals = False
4.6279 	DEBUG 	TextBox2 loaded 1 chars with 0 blanks and 1 valid
4.6350 	DEBUG 	TextBox2 loaded 1 chars with 0 blanks and 1 valid
4.6420 	DEBUG 	TextBox2 loaded 1 chars with 0 blanks and 1 valid
4.6495 	DEBUG 	TextBox2 loaded 1 chars with 0 blanks and 1 valid
4.6565 	DEBUG 	TextBox2 loaded 1 chars with 0 blanks and 1 valid
4.6648 	DEBUG 	TextBox2 loaded 1 chars with 0 blanks and 1 valid
4.6717 	DEBUG 	TextBox2 loaded 1 chars with 0 blanks and 1 valid
4.6788 	DEBUG 	TextBox2 loaded 1 chars with 0 blanks and 1 valid
4.6859 	DEBUG 	TextBox2 loaded 1 chars with 0 blanks and 1 valid
4.6928 	DEBUG 	TextBox2 loaded 1 chars with 0 blanks and 1 valid
4.6931 	DEBUG 	Uploading Texture Font fontname to graphics card
4.6943 	DEBUG 	Upload of Texture Font fontname complete
4.8977 	INFO 	keyboard.Keyboard is using ptb backend.
4.8977 	EXP 	faces_experiment: status = STARTED
5.0971 	EXP 	Created introduction_text = TextStim(__class__=<class 'psychopy.visual.text.TextStim'>, alignHoriz=method-wrapper(...), alignText='center', alignVert=method-wrapper(...), anchorHoriz='center', anchorVert='center', antialias=True, autoDraw=False, autoLog=True, bold=False, color=array([1., 1., 1.]), colorSpace='rgb', contrast=1.0, depth=0.0, draggable=False, flipHoriz=False, flipVert=False, font='Arial', fontFiles=[], height=np.float64(0.04), italic=False, languageStyle='LTR', name='introduction_text', opacity=1, ori=0.0, pos=array([0. , 0.1]), rgb=UNKNOWN, text=str(...), units='height', win=Window(...), wrapWidth=1)
5.1001 	DEBUG 	TextBox2 loaded 1 chars with 0 blanks and 1 valid
5.1005 	DEBUG 	TextBox2 loaded 1 chars with 0 blanks and 1 valid
5.1008 	DEBUG 	TextBox2 loaded 1 chars with 0 blanks and 1 valid
5.1010 	DEBUG 	TextBox2 loaded 1 chars with 0 blanks and 1 valid
5.1012 	DEBUG 	Uploading Texture Font fontname to graphics card
5.1020 	DEBUG 	Upload of Texture Font fontname complete
5.1046 	DEBUG 	TextBox2 loaded 1 chars with 0 blanks and 1 valid
5.1050 	DEBUG 	TextBox2 loaded 1 chars with 0 blanks and 1 valid
5.1053 	DEBUG 	TextBox2 loaded 1 chars with 0 blanks and 1 valid
5.1056 	DEBUG 	TextBox2 loaded 1 chars with 0 blanks and 1 valid
5.1058 	DEBUG 	TextBox2 loaded 1 chars with 0 blanks and 1 valid
5.1059 	DEBUG 	TextBox2 loaded 1 chars with 0 blanks and 1 valid
5.1063 	DEBUG 	TextBox2 loaded 1 chars with 0 blanks and 1 valid
5.1065 	DEBUG 	TextBox2 loaded 1 chars with 0 blanks and 1 valid
5.1066 	DEBUG 	Uploading Texture Font fontname to graphics card
5.1068 	DEBUG 	Upload of Texture Font fontname complete
5.1115 	EXP 	Created imageStim = ImageStim(__class__=<class 'psychopy.visual.image.ImageStim'>, anchor=('center', 'center'), autoLog=True, color=array([1., 1., 1.]), colorSpace='rgb', contrast=1.0, depth=0.0, draggable=False, flipHoriz=np.False_, flipVert=np.False_, image='default.png', interpolate=True, mask=None, maskParams=None, name='imageStim', opacity=1, ori=0.0, pos=array([0.  , 0.15]), size=array([0.5, 0.5]), texRes=128.0, units='height', win=Window(...))
5.1137 	DEBUG 	TextBox2 loaded 1 chars with 0 blanks and 1 valid
5.1142 	DEBUG 	TextBox2 loaded 1 chars with 0 blanks and 1 valid
5.1146 	DEBUG 	TextBox2 loaded 1 chars with 0 blanks and 1 valid
5.1147 	DEBUG 	Uploading Texture Font fontname to graphics card
5.1149 	DEBUG 	Upload of Texture Font fontname complete
5.1194 	DEBUG 	TextBox2 loaded 1 chars with 0 blanks and 1 valid
5.1197 	DEBUG 	TextBox2 loaded 1 chars with 0 blanks and 1 valid
5.1200 	DEBUG 	TextBox2 loaded 1 chars with 0 blanks and 1 valid
5.1203 	DEBUG 	TextBox2 loaded 1 chars with 0 blanks and 1 valid
5.1204 	DEBUG 	Uploading Texture Font fontname to graphics card
5.1206 	DEBUG 	Upload of Texture Font fontname complete
5.1246 	DEBUG 	TextBox2 loaded 1 chars with 0 blanks and 1 valid
5.1247 	DEBUG 	Uploading Texture Font fontname to graphics card
5.1249 	DEBUG 	Upload of Texture Font fontname complete
5.1294 	DEBUG 	TextBox2 loaded 1 chars with 0 blanks and 1 valid
5.1296 	DEBUG 	Uploading Texture Font fontname to graphics card
5.1298 	DEBUG 	Upload of Texture Font fontname complete
5.1347 	DEBUG 	TextBox2 loaded 1 chars with 0 blanks and 1 valid
5.1351 	DEBUG 	TextBox2 loaded 1 chars with 0 blanks and 1 valid
5.1352 	DEBUG 	Uploading Texture Font fontname to graphics card
5.1354 	DEBUG 	Upload of Texture Font fontname complete
5.1395 	DEBUG 	TextBox2 loaded 1 chars with 0 blanks and 1 valid
5.1396 	DEBUG 	Uploading Texture Font fontname to graphics card
5.1398 	DEBUG 	Upload of Texture Font fontname complete
0.0242 	EXP 	introduction_text: autoDraw = True
6.2389 	DATA 	Mouse: Left button down, pos=(415,120)
6.2442 	DEBUG 	Read excel file with openpyxl: conditions_faces.xlsx
6.2453 	EXP 	Imported conditions_faces.xlsx as conditions, 72 conditions, 2 params
6.2457 	EXP 	New trial (rep=0, index=0): <Trial 0 (0 in rep 0) data={'image_file': 'faces/079_o_f_d_b.jpg', 'correct_emotion': 'disgust', 'thisN': 0, 'thisTrialN': 0, 'thisRepN': 0}>
6.3662 	DATA 	Mouse:  Left button up, pos=(415,120)
6.4137 	EXP 	introduction_text: autoDraw = False
6.4137 	EXP 	imageStim: image = 'faces/079_o_f_d_b.jpg'
6.4137 	EXP 	imageStim: autoDraw = True
6.6695 	EXP 	imageStim: autoDraw = False
7.2811 	DATA 	Mouse: Left button down, pos=(463,167)
7.2818 	EXP 	New trial (rep=0, index=1): <Trial 1 (1 in rep 0) data={'image_file': 'faces/079_o_f_f_a.jpg', 'correct_emotion': 'fear', 'thisN': 1, 'thisTrialN': 1, 'thisRepN': 0}>
7.3816 	DATA 	Mouse:  Left button up, pos=(463,167)
7.3918 	EXP 	imageStim: autoDraw = False
7.3918 	EXP 	imageStim: image = 'faces/079_o_f_f_a.jpg'
7.3918 	EXP 	imageStim: autoDraw = True
7.4552 	DATA 	Mouse: Left button down, pos=(455,163)
7.4559 	EXP 	New trial (rep=0, index=2): <Trial 2 (2 in rep 0) data={'image_file': 'faces/140_y_f_n_a.jpg', 'correct_emotion': 'neutrality', 'thisN': 2, 'thisTrialN': 2, 'thisRepN': 0}>
7.5484 	DATA 	Mouse:  Left button up, pos=(455,163)
7.5616 	EXP 	imageStim: autoDraw = False
7.5616 	EXP 	imageStim: image = 'faces/140_y_f_n_a.jpg'
7.5616 	EXP 	imageStim: autoDraw = True
7.6007 	DATA 	Mouse: Left button down, pos=(455,163)
7.6014 	EXP 	New trial (rep=0, index=3): <Trial 3 (3 in rep 0) data={'image_file': 'faces/079_o_f_h_a.jpg', 'correct_emotion': 'happiness', 'thisN': 3, 'thisTrialN': 3, 'thisRepN': 0}>
7.6938 	DATA 	Mouse:  Left button up, pos=(455,163)
7.7057 	EXP 	imageStim: autoDraw = False
7.7057 	EXP 	imageStim: image = 'faces/079_o_f_h_a.jpg'
7.7057 	EXP 	imageStim: autoDraw = True
7.7262 	DATA 	Mouse: Left button down, pos=(455,163)
7.7269 	EXP 	New trial (rep=0, index=4): <Trial 4 (4 in rep 0) data={'image_file': 'faces/168_m_f_f_a.jpg', 'correct_emotion': 'fear', 'thisN': 4, 'thisTrialN': 4, 'thisRepN': 0}>
7.8522 	DATA 	Mouse:  Left button up, pos=(455,163)
7.8643 	EXP 	imageStim: autoDraw = False
7.8643 	EXP 	imageStim: image = 'faces/168_m_f_f_a.jpg'
7.8643 	EXP 	imageStim: autoDraw = True
7.8656 	DATA 	Mouse: Left button down, pos=(455,163)
7.8663 	EXP 	New trial (rep=0, index=5): <Trial 5 (5 in rep 0) data={'image_file': 'faces/168_m_f_s_b.jpg', 'correct_emotion': 'sadness', 'thisN': 5, 'thisTrialN': 5, 'thisRepN': 0}>
7.9502 	DATA 	Mouse:  Left button up, pos=(455,163)
7.9613 	EXP 	imageStim: autoDraw = False
7.9613 	EXP 	imageStim: image = 'faces/168_m_f_s_b.jpg'
7.9613 	EXP 	imageStim: autoDraw = True
7.9974 	DATA 	Mouse: Left button down, pos=(455,163)
8.0111 	EXP 	New trial (rep=0, index=6): <Trial 6 (6 in rep 0) data={'image_file': 'faces/079_o_f_n_b.jpg', 'correct_emotion': 'neutrality', 'thisN': 6, 'thisTrialN': 6, 'thisRepN': 0}>
8.1016 	DATA 	Mouse:  Left button up, pos=(455,163)
8.1137 	EXP 	imageStim: autoDraw = False
8.1137 	EXP 	imageStim: image = 'faces/079_o_f_n_b.jpg'
8.1137 	EXP 	imageStim: autoDraw = True
8.1368 	DATA 	Mouse: Left button down, pos=(455,163)
8.1375 	EXP 	New trial (rep=0, index=7): <Trial 7 (7 in rep 0) data={'image_file': 'faces/079_o_f_s_b.jpg', 'correct_emotion': 'sadness', 'thisN': 7, 'thisTrialN': 7, 'thisRepN': 0}>
8.2384 	DATA 	Mouse:  Left button up, pos=(455,163)
8.2513 	EXP 	imageStim: autoDraw = False
8.2513 	EXP 	imageStim: image = 'faces/079_o_f_s_b.jpg'
8.2513 	EXP 	imageStim: autoDraw = True
8.2755 	DATA 	Mouse: Left button down, pos=(455,163)
8.2762 	EXP 	New trial (rep=0, index=8): <Trial 8 (8 in rep 0) data={'image_file': 'faces/140_y_f_h_a.jpg', 'correct_emotion': 'happiness', 'thisN': 8, 'thisTrialN': 8, 'thisRepN': 0}>
8.3709 	DATA 	Mouse:  Left button up, pos=(455,163)
8.3820 	EXP 	imageStim: autoDraw = False
8.3820 	EXP 	imageStim: image = 'faces/140_y_f_h_a.jpg'
8.3820 	EXP 	imageStim: autoDraw = True
8.4279 	DATA 	Mouse: Left button down, pos=(455,163)
8.4286 	EXP 	New trial (rep=0, index=9): <Trial 9 (9 in rep 0) data={'image_file': 'faces/116_m_m_h_a.jpg', 'correct_emotion': 'happiness', 'thisN': 9, 'thisTrialN': 9, 'thisRepN': 0}>
8.5068 	DATA 	Mouse:  Left button up, pos=(455,163)
8.5196 	EXP 	imageStim: autoDraw = False
8.5196 	EXP 	imageStim: image = 'faces/116_m_m_h_a.jpg'
8.5196 	EXP 	imageStim: autoDraw = True
8.5596 	DATA 	Mouse: Left button down, pos=(455,163)
8.5603 	EXP 	New trial (rep=0, index=10): <Trial 10 (10 in rep 0) data={'image_file': 'faces/004_o_m_n_a.jpg', 'correct_emotion': 'neutrality', 'thisN': 10, 'thisTrialN': 10, 'thisRepN': 0}>
8.6509 	DATA 	Mouse:  Left button up, pos=(455,163)
8.6635 	EXP 	imageStim: autoDraw = False
8.6635 	EXP 	imageStim: image = 'faces/004_o_m_n_a.jpg'
8.6635 	EXP 	imageStim: autoDraw = True
8.6842 	DATA 	Mouse: Left button down, pos=(455,163)
8.6848 	EXP 	New trial (rep=0, index=11): <Trial 11 (11 in rep 0) data={'image_file': 'faces/066_y_m_f_a.jpg', 'correct_emotion': 'fear', 'thisN': 11, 'thisTrialN': 11, 'thisRepN': 0}>
8.7637 	DATA 	Mouse:  Left button up, pos=(455,163)
8.7744 	EXP 	imageStim: autoDraw = False
8.7744 	EXP 	imageStim: image = 'faces/066_y_m_f_a.jpg'
8.7744 	EXP 	imageStim: autoDraw = True
8.8371 	DATA 	Mouse: Left button down, pos=(455,163)
8.8378 	EXP 	New trial (rep=0, index=12): <Trial 12 (12 in rep 0) data={'image_file': 'faces/140_y_f_d_a.jpg', 'correct_emotion': 'disgust', 'thisN': 12, 'thisTrialN': 12, 'thisRepN': 0}>
8.9370 	DATA 	Mouse:  Left button up, pos=(455,163)
8.9495 	EXP 	imageStim: autoDraw = False
8.9495 	EXP 	imageStim: image = 'faces/140_y_f_d_a.jpg'
8.9495 	EXP 	imageStim: autoDraw = True
9.0134 	DATA 	Mouse: Left button down, pos=(454,163)
9.0254 	EXP 	New trial (rep=0, index=13): <Trial 13 (13 in rep 0) data={'image_file': 'faces/116_m_m_a_a.jpg', 'correct_emotion': 'anger', 'thisN': 13, 'thisTrialN': 13, 'thisRepN': 0}>
9.1009 	DATA 	Mouse:  Left button up, pos=(454,163)
9.1111 	EXP 	imageStim: autoDraw = False
9.1111 	EXP 	imageStim: image = 'faces/116_m_m_a_a.jpg'
9.1111 	EXP 	imageStim: autoDraw = True
9.1651 	DATA 	Mouse: Left button down, pos=(454,163)
9.1785 	EXP 	New trial (rep=0, index=14): <Trial 14 (14 in rep 0) data={'image_file': 'faces/116_m_m_n_a.jpg', 'correct_emotion': 'neutrality', 'thisN': 14, 'thisTrialN': 14, 'thisRepN': 0}>
9.2541 	DATA 	Mouse:  Left button up, pos=(454,163)
9.2651 	EXP 	imageStim: autoDraw = False
9.2651 	EXP 	imageStim: image = 'faces/116_m_m_n_a.jpg'
9.2651 	EXP 	imageStim: autoDraw = True
9.3338 	DATA 	Mouse: Left button down, pos=(454,163)
9.3443 	EXP 	New trial (rep=0, index=15): <Trial 15 (15 in rep 0) data={'image_file': 'faces/079_o_f_a_a.jpg', 'correct_emotion': 'anger', 'thisN': 15, 'thisTrialN': 15, 'thisRepN': 0}>
9.4264 	DATA 	Mouse:  Left button up, pos=(454,163)
9.4366 	EXP 	imageStim: autoDraw = False
9.4366 	EXP 	imageStim: image = 'faces/079_o_f_a_a.jpg'
9.4366 	EXP 	imageStim: autoDraw = True
9.5032 	DATA 	Mouse: Left button down, pos=(454,163)
9.5038 	EXP 	New trial (rep=0, index=16): <Trial 16 (16 in rep 0) data={'image_file': 'faces/168_m_f_h_b.jpg', 'correct_emotion': 'happiness', 'thisN': 16, 'thisTrialN': 16, 'thisRepN': 0}>
9.5769 	DATA 	Mouse:  Left button up, pos=(454,163)
9.5898 	EXP 	imageStim: autoDraw = False
9.5898 	EXP 	imageStim: image = 'faces/168_m_f_h_b.jpg'
9.5898 	EXP 	imageStim: autoDraw = True
9.6849 	DATA 	Mouse: Left button down, pos=(454,163)
9.6855 	EXP 	New trial (rep=0, index=17): <Trial 17 (17 in rep 0) data={'image_file': 'faces/140_y_f_s_a.jpg', 'correct_emotion': 'sadness', 'thisN': 17, 'thisTrialN': 17, 'thisRepN': 0}>
9.7821 	DATA 	Mouse:  Left button up, pos=(454,163)
9.7923 	EXP 	imageStim: autoDraw = False
9.7923 	EXP 	imageStim: image = 'faces/140_y_f_s_a.jpg'
9.7923 	EXP 	imageStim: autoDraw = True
9.8644 	DATA 	Mouse: Left button down, pos=(454,163)
9.8650 	EXP 	New trial (rep=0, index=18): <Trial 18 (18 in rep 0) data={'image_file': 'faces/079_o_f_n_a.jpg', 'correct_emotion': 'neutrality', 'thisN': 18, 'thisTrialN': 18, 'thisRepN': 0}>
9.9436 	DATA 	Mouse:  Left button up, pos=(454,163)
9.9542 	EXP 	imageStim: autoDraw = False
9.9542 	EXP 	imageStim: image = 'faces/079_o_f_n_a.jpg'
9.9542 	EXP 	imageStim: autoDraw = True
10.0136 	DATA 	Mouse: Left button down, pos=(454,163)
10.0253 	EXP 	New trial (rep=0, index=19): <Trial 19 (19 in rep 0) data={'image_file': 'faces/004_o_m_f_b.jpg', 'correct_emotion': 'fear', 'thisN': 19, 'thisTrialN': 19, 'thisRepN': 0}>
10.0980 	DATA 	Mouse:  Left button up, pos=(454,163)
10.1114 	EXP 	imageStim: autoDraw = False
10.1114 	EXP 	imageStim: image = 'faces/004_o_m_f_b.jpg'
10.1114 	EXP 	imageStim: autoDraw = True
10.1657 	DATA 	Mouse: Left button down, pos=(454,163)
10.1783 	EXP 	New trial (rep=0, index=20): <Trial 20 (20 in rep 0) data={'image_file': 'faces/140_y_f_d_b.jpg', 'correct_emotion': 'disgust', 'thisN': 20, 'thisTrialN': 20, 'thisRepN': 0}>
10.2561 	DATA 	Mouse:  Left button up, pos=(454,163)
10.2663 	EXP 	imageStim: autoDraw = False
10.2663 	EXP 	imageStim: image = 'faces/140_y_f_d_b.jpg'
10.2663 	EXP 	imageStim: autoDraw = True
10.3597 	DATA 	Mouse: Left button down, pos=(454,163)
10.3606 	EXP 	New trial (rep=0, index=21): <Trial 21 (21 in rep 0) data={'image_file': 'faces/004_o_m_d_b.jpg', 'correct_emotion': 'disgust', 'thisN': 21, 'thisTrialN': 21, 'thisRepN': 0}>
10.4387 	DATA 	Mouse:  Left button up, pos=(454,163)
10.4498 	EXP 	imageStim: autoDraw = False
10.4498 	EXP 	imageStim: image = 'faces/004_o_m_d_b.jpg'
10.4498 	EXP 	imageStim: autoDraw = True
10.5044 	DATA 	Mouse: Left button down, pos=(454,163)
10.5051 	EXP 	New trial (rep=0, index=22): <Trial 22 (22 in rep 0) data={'image_file': 'faces/004_o_m_f_a.jpg', 'correct_emotion': 'fear', 'thisN': 22, 'thisTrialN': 22, 'thisRepN': 0}>
10.5882 	EXP 	imageStim: autoDraw = False
10.5882 	EXP 	imageStim: image = 'faces/004_o_m_f_a.jpg'
10.5882 	EXP 	imageStim: autoDraw = True
10.5902 	DATA 	Mouse:  Left button up, pos=(454,163)
10.6979 	DATA 	Mouse: Left button down, pos=(454,163)
10.6986 	EXP 	New trial (rep=0, index=23): <Trial 23 (23 in rep 0) data={'image_file': 'faces/004_o_m_h_b.jpg', 'correct_emotion': 'happiness', 'thisN': 23, 'thisTrialN': 23, 'thisRepN': 0}>
10.7827 	EXP 	imageStim: autoDraw = False
10.7827 	EXP 	imageStim: image = 'faces/004_o_m_h_b.jpg'
10.7827 	EXP 	imageStim: autoDraw = True
10.7847 	DATA 	Mouse:  Left button up, pos=(454,163)
10.8784 	DATA 	Mouse: Left button down, pos=(454,163)
10.8792 	EXP 	New trial (rep=0, index=24): <Trial 24 (24 in rep 0) data={'image_file': 'faces/140_y_f_n_b.jpg', 'correct_emotion': 'neutrality', 'thisN': 24, 'thisTrialN': 24, 'thisRepN': 0}>
10.9582 	DATA 	Mouse:  Left button up, pos=(454,163)
10.9712 	EXP 	imageStim: autoDraw = False
10.9712 	EXP 	imageStim: image = 'faces/140_y_f_n_b.jpg'
10.9712 	EXP 	imageStim: autoDraw = True
11.0537 	DATA 	Mouse: Left button down, pos=(454,163)
11.0680 	EXP 	New trial (rep=0, index=25): <Trial 25 (25 in rep 0) data={'image_file': 'faces/079_o_f_h_b.jpg', 'correct_emotion': 'happiness', 'thisN': 25, 'thisTrialN': 25, 'thisRepN': 0}>
11.1529 	DATA 	Mouse:  Left button up, pos=(454,163)
11.1655 	EXP 	imageStim: autoDraw = False
11.1655 	EXP 	imageStim: image = 'faces/079_o_f_h_b.jpg'
11.1655 	EXP 	imageStim: autoDraw = True
11.2473 	DATA 	Mouse: Left button down, pos=(454,163)
11.2479 	EXP 	New trial (rep=0, index=26): <Trial 26 (26 in rep 0) data={'image_file': 'faces/168_m_f_a_a.jpg', 'correct_emotion': 'anger', 'thisN': 26, 'thisTrialN': 26, 'thisRepN': 0}>
11.3315 	EXP 	imageStim: autoDraw = False
11.3315 	EXP 	imageStim: image = 'faces/168_m_f_a_a.jpg'
11.3315 	EXP 	imageStim: autoDraw = True
11.3344 	DATA 	Mouse:  Left button up, pos=(454,163)
11.4201 	DATA 	Mouse: Left button down, pos=(454,163)
11.4207 	EXP 	New trial (rep=0, index=27): <Trial 27 (27 in rep 0) data={'image_file': 'faces/066_y_m_f_b.jpg', 'correct_emotion': 'fear', 'thisN': 27, 'thisTrialN': 27, 'thisRepN': 0}>
11.5057 	EXP 	imageStim: autoDraw = False
11.5057 	EXP 	imageStim: image = 'faces/066_y_m_f_b.jpg'
11.5057 	EXP 	imageStim: autoDraw = True
11.5076 	DATA 	Mouse:  Left button up, pos=(454,163)
11.5893 	DATA 	Mouse: Left button down, pos=(454,163)
11.6015 	EXP 	New trial (rep=0, index=28): <Trial 28 (28 in rep 0) data={'image_file': 'faces/004_o_m_d_a.jpg', 'correct_emotion': 'disgust', 'thisN': 28, 'thisTrialN': 28, 'thisRepN': 0}>
11.6779 	DATA 	Mouse:  Left button up, pos=(454,163)
11.6876 	EXP 	imageStim: autoDraw = False
11.6876 	EXP 	imageStim: image = 'faces/004_o_m_d_a.jpg'
11.6876 	EXP 	imageStim: autoDraw = True
11.7606 	DATA 	Mouse: Left button down, pos=(454,163)
11.7612 	EXP 	New trial (rep=0, index=29): <Trial 29 (29 in rep 0) data={'image_file': 'faces/116_m_m_s_b.jpg', 'correct_emotion': 'sadness', 'thisN': 29, 'thisTrialN': 29, 'thisRepN': 0}>
11.8432 	DATA 	Mouse:  Left button up, pos=(454,163)
11.8533 	EXP 	imageStim: autoDraw = False
11.8533 	EXP 	imageStim: image = 'faces/116_m_m_s_b.jpg'
11.8533 	EXP 	imageStim: autoDraw = True
11.9415 	DATA 	Mouse: Left button down, pos=(454,163)
11.9421 	EXP 	New trial (rep=0, index=30): <Trial 30 (30 in rep 0) data={'image_file': 'faces/168_m_f_n_a.jpg', 'correct_emotion': 'neutrality', 'thisN': 30, 'thisTrialN': 30, 'thisRepN': 0}>
12.0147 	DATA 	Mouse:  Left button up, pos=(454,163)
12.0266 	EXP 	imageStim: autoDraw = False
12.0266 	EXP 	imageStim: image = 'faces/168_m_f_n_a.jpg'
12.0266 	EXP 	imageStim: autoDraw = True
12.0872 	DATA 	Mouse: Left button down, pos=(454,163)
12.0878 	EXP 	New trial (rep=0, index=31): <Trial 31 (31 in rep 0) data={'image_file': 'faces/066_y_m_s_b.jpg', 'correct_emotion': 'sadness', 'thisN': 31, 'thisTrialN': 31, 'thisRepN': 0}>
12.1747 	EXP 	imageStim: autoDraw = False
12.1747 	EXP 	imageStim: image = 'faces/066_y_m_s_b.jpg'
12.1747 	EXP 	imageStim: autoDraw = True
12.1867 	DATA 	Mouse:  Left button up, pos=(454,163)
12.2543 	DATA 	Mouse: Left button down, pos=(454,163)
12.2549 	EXP 	New trial (rep=0, index=32): <Trial 32 (32 in rep 0) data={'image_file': 'faces/066_y_m_d_b.jpg', 'correct_emotion': 'disgust', 'thisN': 32, 'thisTrialN': 32, 'thisRepN': 0}>
12.3434 	EXP 	imageStim: autoDraw = False
12.3434 	EXP 	imageStim: image = 'faces/066_y_m_d_b.jpg'
12.3434 	EXP 	imageStim: autoDraw = True
12.3447 	DATA 	Mouse:  Left button up, pos=(454,163)
12.4213 	DATA 	Mouse: Left button down, pos=(454,163)
12.4345 	EXP 	New trial (rep=0, index=33): <Trial 33 (33 in rep 0) data={'image_file': 'faces/079_o_f_s_a.jpg', 'correct_emotion': 'sadness', 'thisN': 33, 'thisTrialN': 33, 'thisRepN': 0}>
12.5131 	DATA 	Mouse:  Left button up, pos=(454,163)
12.5246 	EXP 	imageStim: autoDraw = False
12.5246 	EXP 	imageStim: image = 'faces/079_o_f_s_a.jpg'
12.5246 	EXP 	imageStim: autoDraw = True
12.6020 	DATA 	Mouse: Left button down, pos=(454,163)
12.6027 	EXP 	New trial (rep=0, index=34): <Trial 34 (34 in rep 0) data={'image_file': 'faces/004_o_m_s_a.jpg', 'correct_emotion': 'sadness', 'thisN': 34, 'thisTrialN': 34, 'thisRepN': 0}>
12.6776 	DATA 	Mouse:  Left button up, pos=(454,163)
12.6865 	EXP 	imageStim: autoDraw = False
12.6865 	EXP 	imageStim: image = 'faces/004_o_m_s_a.jpg'
12.6865 	EXP 	imageStim: autoDraw = True
12.9096 	DATA 	Mouse: Left button down, pos=(454,163)
12.9209 	EXP 	New trial (rep=0, index=35): <Trial 35 (35 in rep 0) data={'image_file': 'faces/066_y_m_d_a.jpg', 'correct_emotion': 'disgust', 'thisN': 35, 'thisTrialN': 35, 'thisRepN': 0}>
13.0037 	EXP 	imageStim: autoDraw = False
13.0037 	EXP 	imageStim: autoDraw = False
13.0037 	EXP 	imageStim: image = 'faces/066_y_m_d_a.jpg'
13.0037 	EXP 	imageStim: autoDraw = True
13.0149 	DATA 	Mouse:  Left button up, pos=(454,163)
13.0804 	DATA 	Mouse: Left button down, pos=(454,163)
13.0811 	EXP 	New trial (rep=0, index=36): <Trial 36 (36 in rep 0) data={'image_file': 'faces/066_y_m_n_a.jpg', 'correct_emotion': 'neutrality', 'thisN': 36, 'thisTrialN': 36, 'thisRepN': 0}>
13.1645 	EXP 	imageStim: autoDraw = False
13.1645 	EXP 	imageStim: image = 'faces/066_y_m_n_a.jpg'
13.1645 	EXP 	imageStim: autoDraw = True
13.1745 	DATA 	Mouse:  Left button up, pos=(454,163)
13.2544 	DATA 	Mouse: Left button down, pos=(454,163)
13.2551 	EXP 	New trial (rep=0, index=37): <Trial 37 (37 in rep 0) data={'image_file': 'faces/140_y_f_a_b.jpg', 'correct_emotion': 'anger', 'thisN': 37, 'thisTrialN': 37, 'thisRepN': 0}>
13.3419 	DATA 	Mouse:  Left button up, pos=(454,163)
13.3536 	EXP 	imageStim: autoDraw = False
13.3536 	EXP 	imageStim: image = 'faces/140_y_f_a_b.jpg'
13.3536 	EXP 	imageStim: autoDraw = True
13.4070 	DATA 	Mouse: Left button down, pos=(454,163)
13.4076 	EXP 	New trial (rep=0, index=38): <Trial 38 (38 in rep 0) data={'image_file': 'faces/079_o_f_f_b.jpg', 'correct_emotion': 'fear', 'thisN': 38, 'thisTrialN': 38, 'thisRepN': 0}>
13.4936 	EXP 	imageStim: autoDraw = False
13.4936 	EXP 	imageStim: image = 'faces/079_o_f_f_b.jpg'
13.4936 	EXP 	imageStim: autoDraw = True
13.5176 	DATA 	Mouse:  Left button up, pos=(454,163)
13.5740 	DATA 	Mouse: Left button down, pos=(454,163)
13.5747 	EXP 	New trial (rep=0, index=39): <Trial 39 (39 in rep 0) data={'image_file': 'faces/168_m_f_h_a.jpg', 'correct_emotion': 'happiness', 'thisN': 39, 'thisTrialN': 39, 'thisRepN': 0}>
13.6547 	EXP 	imageStim: autoDraw = False
13.6547 	EXP 	imageStim: image = 'faces/168_m_f_h_a.jpg'
13.6547 	EXP 	imageStim: autoDraw = True
13.8375 	DATA 	Mouse:  Left button up, pos=(454,163)
13.8791 	DATA 	Mouse: Left button down, pos=(454,163)
13.8797 	EXP 	New trial (rep=0, index=40): <Trial 40 (40 in rep 0) data={'image_file': 'faces/140_y_f_s_b.jpg', 'correct_emotion': 'sadness', 'thisN': 40, 'thisTrialN': 40, 'thisRepN': 0}>
13.9665 	EXP 	imageStim: autoDraw = False
13.9665 	EXP 	imageStim: image = 'faces/140_y_f_s_b.jpg'
13.9665 	EXP 	imageStim: autoDraw = True
14.1742 	DATA 	Mouse:  Left button up, pos=(454,163)
14.2132 	DATA 	Mouse: Left button down, pos=(454,163)
14.2138 	EXP 	New trial (rep=0, index=41): <Trial 41 (41 in rep 0) data={'image_file': 'faces/116_m_m_f_a.jpg', 'correct_emotion': 'fear', 'thisN': 41, 'thisTrialN': 41, 'thisRepN': 0}>
14.2944 	EXP 	imageStim: autoDraw = False
14.2944 	EXP 	imageStim: autoDraw = False
14.2944 	EXP 	imageStim: image = 'faces/116_m_m_f_a.jpg'
14.2944 	EXP 	imageStim: autoDraw = True
14.3453 	DATA 	Mouse:  Left button up, pos=(454,163)
14.3896 	DATA 	Mouse: Left button down, pos=(454,163)
14.3999 	EXP 	New trial (rep=0, index=42): <Trial 42 (42 in rep 0) data={'image_file': 'faces/140_y_f_f_a.jpg', 'correct_emotion': 'fear', 'thisN': 42, 'thisTrialN': 42, 'thisRepN': 0}>
14.4892 	EXP 	imageStim: autoDraw = False
14.4892 	EXP 	imageStim: image = 'faces/140_y_f_f_a.jpg'
14.4892 	EXP 	imageStim: autoDraw = True
14.5019 	DATA 	Mouse:  Left button up, pos=(454,163)
14.5735 	DATA 	Mouse: Left button down, pos=(454,163)
14.5883 	EXP 	New trial (rep=0, index=43): <Trial 43 (43 in rep 0) data={'image_file': 'faces/004_o_m_n_b.jpg', 'correct_emotion': 'neutrality', 'thisN': 43, 'thisTrialN': 43, 'thisRepN': 0}>
14.6834 	EXP 	imageStim: autoDraw = False
14.6834 	EXP 	imageStim: image = 'faces/004_o_m_n_b.jpg'
14.6834 	EXP 	imageStim: autoDraw = True
14.6865 	DATA 	Mouse:  Left button up, pos=(454,163)
14.7745 	DATA 	Mouse: Left button down, pos=(454,163)
14.7752 	EXP 	New trial (rep=0, index=44): <Trial 44 (44 in rep 0) data={'image_file': 'faces/079_o_f_a_b.jpg', 'correct_emotion': 'anger', 'thisN': 44, 'thisTrialN': 44, 'thisRepN': 0}>
14.8623 	EXP 	imageStim: autoDraw = False
14.8623 	EXP 	imageStim: image = 'faces/079_o_f_a_b.jpg'
14.8623 	EXP 	imageStim: autoDraw = True
14.8638 	DATA 	Mouse:  Left button up, pos=(454,163)
14.9415 	DATA 	Mouse: Left button down, pos=(454,163)
14.9421 	EXP 	New trial (rep=0, index=45): <Trial 45 (45 in rep 0) data={'image_file': 'faces/116_m_m_d_a.jpg', 'correct_emotion': 'disgust', 'thisN': 45, 'thisTrialN': 45, 'thisRepN': 0}>
15.0270 	EXP 	imageStim: autoDraw = False
15.0270 	EXP 	imageStim: image = 'faces/116_m_m_d_a.jpg'
15.0270 	EXP 	imageStim: autoDraw = True
15.0526 	DATA 	Mouse:  Left button up, pos=(454,163)
15.1493 	DATA 	Mouse: Left button down, pos=(454,163)
15.1499 	EXP 	New trial (rep=0, index=46): <Trial 46 (46 in rep 0) data={'image_file': 'faces/116_m_m_d_b.jpg', 'correct_emotion': 'disgust', 'thisN': 46, 'thisTrialN': 46, 'thisRepN': 0}>
15.2341 	EXP 	imageStim: autoDraw = False
15.2341 	EXP 	imageStim: image = 'faces/116_m_m_d_b.jpg'
15.2341 	EXP 	imageStim: autoDraw = True
15.2359 	DATA 	Mouse:  Left button up, pos=(454,163)
15.3336 	DATA 	Mouse: Left button down, pos=(454,163)
15.3453 	EXP 	New trial (rep=0, index=47): <Trial 47 (47 in rep 0) data={'image_file': 'faces/116_m_m_f_b.jpg', 'correct_emotion': 'fear', 'thisN': 47, 'thisTrialN': 47, 'thisRepN': 0}>
15.4145 	DATA 	Mouse:  Left button up, pos=(454,163)
15.4247 	EXP 	imageStim: autoDraw = False
15.4247 	EXP 	imageStim: image = 'faces/116_m_m_f_b.jpg'
15.4247 	EXP 	imageStim: autoDraw = True
15.5242 	DATA 	Mouse: Left button down, pos=(454,163)
15.5248 	EXP 	New trial (rep=0, index=48): <Trial 48 (48 in rep 0) data={'image_file': 'faces/116_m_m_n_b.jpg', 'correct_emotion': 'neutrality', 'thisN': 48, 'thisTrialN': 48, 'thisRepN': 0}>
15.6074 	EXP 	imageStim: autoDraw = False
15.6074 	EXP 	imageStim: image = 'faces/116_m_m_n_b.jpg'
15.6074 	EXP 	imageStim: autoDraw = True
15.6091 	DATA 	Mouse:  Left button up, pos=(454,163)
15.6916 	DATA 	Mouse: Left button down, pos=(454,163)
15.6922 	EXP 	New trial (rep=0, index=49): <Trial 49 (49 in rep 0) data={'image_file': 'faces/066_y_m_n_b.jpg', 'correct_emotion': 'neutrality', 'thisN': 49, 'thisTrialN': 49, 'thisRepN': 0}>
15.7679 	DATA 	Mouse:  Left button up, pos=(454,163)
15.7791 	EXP 	imageStim: autoDraw = False
15.7791 	EXP 	imageStim: image = 'faces/066_y_m_n_b.jpg'
15.7791 	EXP 	imageStim: autoDraw = True
15.8576 	DATA 	Mouse: Left button down, pos=(454,163)
15.8582 	EXP 	New trial (rep=0, index=50): <Trial 50 (50 in rep 0) data={'image_file': 'faces/066_y_m_h_b.jpg', 'correct_emotion': 'happiness', 'thisN': 50, 'thisTrialN': 50, 'thisRepN': 0}>
15.9409 	EXP 	imageStim: autoDraw = False
15.9409 	EXP 	imageStim: image = 'faces/066_y_m_h_b.jpg'
15.9409 	EXP 	imageStim: autoDraw = True
15.9508 	DATA 	Mouse:  Left button up, pos=(454,163)
16.0333 	DATA 	Mouse: Left button down, pos=(440,161)
16.0340 	EXP 	New trial (rep=0, index=51): <Trial 51 (51 in rep 0) data={'image_file': 'faces/168_m_f_f_b.jpg', 'correct_emotion': 'fear', 'thisN': 51, 'thisTrialN': 51, 'thisRepN': 0}>
16.1186 	EXP 	imageStim: autoDraw = False
16.1186 	EXP 	imageStim: image = 'faces/168_m_f_f_b.jpg'
16.1186 	EXP 	imageStim: autoDraw = True
16.1337 	DATA 	Mouse:  Left button up, pos=(436,160)
16.2126 	DATA 	Mouse: Left button down, pos=(424,155)
16.2133 	EXP 	New trial (rep=0, index=52): <Trial 52 (52 in rep 0) data={'image_file': 'faces/140_y_f_a_a.jpg', 'correct_emotion': 'anger', 'thisN': 52, 'thisTrialN': 52, 'thisRepN': 0}>
16.3029 	EXP 	imageStim: autoDraw = False
16.3029 	EXP 	imageStim: image = 'faces/140_y_f_a_a.jpg'
16.3029 	EXP 	imageStim: autoDraw = True
16.3049 	DATA 	Mouse:  Left button up, pos=(424,155)
16.3585 	DATA 	Mouse: Left button down, pos=(424,155)
16.3592 	EXP 	New trial (rep=0, index=53): <Trial 53 (53 in rep 0) data={'image_file': 'faces/168_m_f_s_a.jpg', 'correct_emotion': 'sadness', 'thisN': 53, 'thisTrialN': 53, 'thisRepN': 0}>
16.4428 	EXP 	imageStim: autoDraw = False
16.4428 	EXP 	imageStim: image = 'faces/168_m_f_s_a.jpg'
16.4428 	EXP 	imageStim: autoDraw = True
16.4448 	DATA 	Mouse:  Left button up, pos=(424,155)
16.5257 	DATA 	Mouse: Left button down, pos=(424,155)
16.5390 	EXP 	New trial (rep=0, index=54): <Trial 54 (54 in rep 0) data={'image_file': 'faces/116_m_m_h_b.jpg', 'correct_emotion': 'happiness', 'thisN': 54, 'thisTrialN': 54, 'thisRepN': 0}>
16.6137 	DATA 	Mouse:  Left button up, pos=(424,155)
16.6240 	EXP 	imageStim: autoDraw = False
16.6240 	EXP 	imageStim: image = 'faces/116_m_m_h_b.jpg'
16.6240 	EXP 	imageStim: autoDraw = True
16.6918 	DATA 	Mouse: Left button down, pos=(424,155)
16.6925 	EXP 	New trial (rep=0, index=55): <Trial 55 (55 in rep 0) data={'image_file': 'faces/168_m_f_n_b.jpg', 'correct_emotion': 'neutrality', 'thisN': 55, 'thisTrialN': 55, 'thisRepN': 0}>
16.7678 	DATA 	Mouse:  Left button up, pos=(424,155)
16.7805 	EXP 	imageStim: autoDraw = False
16.7805 	EXP 	imageStim: image = 'faces/168_m_f_n_b.jpg'
16.7805 	EXP 	imageStim: autoDraw = True
16.8579 	DATA 	Mouse: Left button down, pos=(424,155)
16.8586 	EXP 	New trial (rep=0, index=56): <Trial 56 (56 in rep 0) data={'image_file': 'faces/066_y_m_s_a.jpg', 'correct_emotion': 'sadness', 'thisN': 56, 'thisTrialN': 56, 'thisRepN': 0}>
16.9407 	EXP 	imageStim: autoDraw = False
16.9407 	EXP 	imageStim: image = 'faces/066_y_m_s_a.jpg'
16.9407 	EXP 	imageStim: autoDraw = True
16.9428 	DATA 	Mouse:  Left button up, pos=(424,155)
17.0313 	DATA 	Mouse: Left button down, pos=(424,155)
17.0319 	EXP 	New trial (rep=0, index=57): <Trial 57 (57 in rep 0) data={'image_file': 'faces/066_y_m_a_b.jpg', 'correct_emotion': 'anger', 'thisN': 57, 'thisTrialN': 57, 'thisRepN': 0}>
17.1146 	EXP 	imageStim: autoDraw = False
17.1146 	EXP 	imageStim: image = 'faces/066_y_m_a_b.jpg'
17.1146 	EXP 	imageStim: autoDraw = True
17.1167 	DATA 	Mouse:  Left button up, pos=(424,155)
17.1855 	DATA 	Mouse: Left button down, pos=(424,155)
17.1861 	EXP 	New trial (rep=0, index=58): <Trial 58 (58 in rep 0) data={'image_file': 'faces/168_m_f_d_b.jpg', 'correct_emotion': 'disgust', 'thisN': 58, 'thisTrialN': 58, 'thisRepN': 0}>
17.2620 	DATA 	Mouse:  Left button up, pos=(424,155)
17.2695 	EXP 	imageStim: autoDraw = False
17.2695 	EXP 	imageStim: image = 'faces/168_m_f_d_b.jpg'
17.2695 	EXP 	imageStim: autoDraw = True
17.3256 	DATA 	Mouse: Left button down, pos=(424,155)
17.3378 	EXP 	New trial (rep=0, index=59): <Trial 59 (59 in rep 0) data={'image_file': 'faces/140_y_f_f_b.jpg', 'correct_emotion': 'fear', 'thisN': 59, 'thisTrialN': 59, 'thisRepN': 0}>
17.4138 	DATA 	Mouse:  Left button up, pos=(424,155)
17.4258 	EXP 	imageStim: autoDraw = False
17.4258 	EXP 	imageStim: image = 'faces/140_y_f_f_b.jpg'
17.4258 	EXP 	imageStim: autoDraw = True
17.5050 	DATA 	Mouse: Left button down, pos=(420,155)
17.5056 	EXP 	New trial (rep=0, index=60): <Trial 60 (60 in rep 0) data={'image_file': 'faces/066_y_m_h_a.jpg', 'correct_emotion': 'happiness', 'thisN': 60, 'thisTrialN': 60, 'thisRepN': 0}>
17.5950 	EXP 	imageStim: autoDraw = False
17.5950 	EXP 	imageStim: image = 'faces/066_y_m_h_a.jpg'
17.5950 	EXP 	imageStim: autoDraw = True
17.5982 	DATA 	Mouse:  Left button up, pos=(419,155)
17.6774 	DATA 	Mouse: Left button down, pos=(419,155)
17.6780 	EXP 	New trial (rep=0, index=61): <Trial 61 (61 in rep 0) data={'image_file': 'faces/140_y_f_h_b.jpg', 'correct_emotion': 'happiness', 'thisN': 61, 'thisTrialN': 61, 'thisRepN': 0}>
17.7638 	EXP 	imageStim: autoDraw = False
17.7638 	EXP 	imageStim: image = 'faces/140_y_f_h_b.jpg'
17.7638 	EXP 	imageStim: autoDraw = True
17.7658 	DATA 	Mouse:  Left button up, pos=(419,155)
17.8308 	DATA 	Mouse: Left button down, pos=(419,155)
17.8314 	EXP 	New trial (rep=0, index=62): <Trial 62 (62 in rep 0) data={'image_file': 'faces/168_m_f_d_a.jpg', 'correct_emotion': 'disgust', 'thisN': 62, 'thisTrialN': 62, 'thisRepN': 0}>
17.9023 	DATA 	Mouse:  Left button up, pos=(419,155)
17.9139 	EXP 	imageStim: autoDraw = False
17.9139 	EXP 	imageStim: image = 'faces/168_m_f_d_a.jpg'
17.9139 	EXP 	imageStim: autoDraw = True
17.9825 	DATA 	Mouse: Left button down, pos=(419,155)
17.9831 	EXP 	New trial (rep=0, index=63): <Trial 63 (63 in rep 0) data={'image_file': 'faces/116_m_m_a_b.jpg', 'correct_emotion': 'anger', 'thisN': 63, 'thisTrialN': 63, 'thisRepN': 0}>
18.0539 	DATA 	Mouse:  Left button up, pos=(419,155)
18.0648 	EXP 	imageStim: autoDraw = False
18.0648 	EXP 	imageStim: image = 'faces/116_m_m_a_b.jpg'
18.0648 	EXP 	imageStim: autoDraw = True
18.1295 	DATA 	Mouse: Left button down, pos=(419,155)
18.1302 	EXP 	New trial (rep=0, index=64): <Trial 64 (64 in rep 0) data={'image_file': 'faces/004_o_m_s_b.jpg', 'correct_emotion': 'sadness', 'thisN': 64, 'thisTrialN': 64, 'thisRepN': 0}>
18.2143 	DATA 	Mouse:  Left button up, pos=(419,155)
18.2229 	EXP 	imageStim: autoDraw = False
18.2229 	EXP 	imageStim: image = 'faces/004_o_m_s_b.jpg'
18.2229 	EXP 	imageStim: autoDraw = True
18.2957 	DATA 	Mouse: Left button down, pos=(419,155)
18.2963 	EXP 	New trial (rep=0, index=65): <Trial 65 (65 in rep 0) data={'image_file': 'faces/168_m_f_a_b.jpg', 'correct_emotion': 'anger', 'thisN': 65, 'thisTrialN': 65, 'thisRepN': 0}>
18.3666 	DATA 	Mouse:  Left button up, pos=(419,155)
18.3781 	EXP 	imageStim: autoDraw = False
18.3781 	EXP 	imageStim: image = 'faces/168_m_f_a_b.jpg'
18.3781 	EXP 	imageStim: autoDraw = True
18.4407 	DATA 	Mouse: Left button down, pos=(419,155)
18.4413 	EXP 	New trial (rep=0, index=66): <Trial 66 (66 in rep 0) data={'image_file': 'faces/116_m_m_s_a.jpg', 'correct_emotion': 'sadness', 'thisN': 66, 'thisTrialN': 66, 'thisRepN': 0}>
18.5218 	EXP 	imageStim: autoDraw = False
18.5218 	EXP 	imageStim: image = 'faces/116_m_m_s_a.jpg'
18.5218 	EXP 	imageStim: autoDraw = True
18.5259 	DATA 	Mouse:  Left button up, pos=(419,155)
18.5976 	DATA 	Mouse: Left button down, pos=(419,155)
18.6086 	EXP 	New trial (rep=0, index=67): <Trial 67 (67 in rep 0) data={'image_file': 'faces/066_y_m_a_a.jpg', 'correct_emotion': 'anger', 'thisN': 67, 'thisTrialN': 67, 'thisRepN': 0}>
18.6819 	DATA 	Mouse:  Left button up, pos=(419,155)
18.6931 	EXP 	imageStim: autoDraw = False
18.6931 	EXP 	imageStim: image = 'faces/066_y_m_a_a.jpg'
18.6931 	EXP 	imageStim: autoDraw = True
18.7531 	DATA 	Mouse: Left button down, pos=(419,155)
18.7537 	EXP 	New trial (rep=0, index=68): <Trial 68 (68 in rep 0) data={'image_file': 'faces/004_o_m_a_a.jpg', 'correct_emotion': 'anger', 'thisN': 68, 'thisTrialN': 68, 'thisRepN': 0}>
18.8414 	EXP 	imageStim: autoDraw = False
18.8414 	EXP 	imageStim: image = 'faces/004_o_m_a_a.jpg'
18.8414 	EXP 	imageStim: autoDraw = True
18.8460 	DATA 	Mouse:  Left button up, pos=(419,155)
18.9276 	DATA 	Mouse: Left button down, pos=(419,155)
18.9282 	EXP 	New trial (rep=0, index=69): <Trial 69 (69 in rep 0) data={'image_file': 'faces/079_o_f_d_a.jpg', 'correct_emotion': 'disgust', 'thisN': 69, 'thisTrialN': 69, 'thisRepN': 0}>
19.0126 	EXP 	imageStim: autoDraw = False
19.0126 	EXP 	imageStim: image = 'faces/079_o_f_d_a.jpg'
19.0126 	EXP 	imageStim: autoDraw = True
19.0145 	DATA 	Mouse:  Left button up, pos=(419,155)
19.0869 	DATA 	Mouse: Left button down, pos=(419,155)
19.0876 	EXP 	New trial (rep=0, index=70): <Trial 70 (70 in rep 0) data={'image_file': 'faces/004_o_m_a_b.jpg', 'correct_emotion': 'anger', 'thisN': 70, 'thisTrialN': 70, 'thisRepN': 0}>
19.1584 	DATA 	Mouse:  Left button up, pos=(419,155)
19.1687 	EXP 	imageStim: autoDraw = False
19.1687 	EXP 	imageStim: image = 'faces/004_o_m_a_b.jpg'
19.1687 	EXP 	imageStim: autoDraw = True
19.2470 	DATA 	Mouse: Left button down, pos=(419,155)
19.2478 	EXP 	New trial (rep=0, index=71): <Trial 71 (71 in rep 0) data={'image_file': 'faces/004_o_m_h_a.jpg', 'correct_emotion': 'happiness', 'thisN': 71, 'thisTrialN': 71, 'thisRepN': 0}>
19.3209 	DATA 	Mouse:  Left button up, pos=(419,155)
19.3323 	EXP 	imageStim: autoDraw = False
19.3323 	EXP 	imageStim: image = 'faces/004_o_m_h_a.jpg'
19.3323 	EXP 	imageStim: autoDraw = True
19.4007 	DATA 	Mouse: Left button down, pos=(419,155)
19.4048 	EXP 	imageStim: autoDraw = False
19.4058 	EXP 	faces_experiment: status = STOPPED
19.4152 	INFO 	saved data to 'C:\\Users\\cimpe\\OneDrive - Aarhus universitet\\Desktop\\Faces Experiment\\data\\pilot_faces_experiment_2025-12-05_14h31.29.102.csv'
19.4166 	INFO 	saved data to C:\Users\cimpe\OneDrive - Aarhus universitet\Desktop\Faces Experiment\data\pilot_faces_experiment_2025-12-05_14h31.29.102.psydat
19.6115 	DEBUG 	Saving data for faces_experiment ExperimentHandler
19.6131 	WARNING 	Stopping key buffers but this could be dangerous ifother keyboards rely on the same.
